PHPUnit 10.5.63 by Sebastian Bergmann and contributors.

Runtime:       PHP 8.3.0
Configuration: C:\copaApp\backend\phpunit.xml


In PlayerController.php line 15:
                                                                                                                       
  Readonly class App\Http\Controllers\PlayerController cannot extend non-readonly class App\Http\Controllers\Controll  
  er                                                                                                                   
                                                                                                                       


Fatal error: Readonly class App\Http\Controllers\PlayerController cannot extend non-readonly class App\Http\Controllers\Controller in C:\copaApp\backend\app\Http\Controllers\PlayerController.php on line 15

Call Stack:
    0.0005     605184   1. {main}() C:\copaApp\backend\vendor\bin\phpunit:0
    0.0010     616808   2. include('C:\copaApp\backend\vendor\phpunit\phpunit\phpunit') C:\copaApp\backend\vendor\bin\phpunit:122
    0.0407    3598408   3. PHPUnit\TextUI\Application->run($argv = [0 => 'C:\\copaApp\\backend\\vendor\\bin\\/phpunit', 1 => 'tests/Feature/PlayerControllerTest.php']) C:\copaApp\backend\vendor\phpunit\phpunit\phpunit:104
    0.1552    9095816   4. PHPUnit\TextUI\TestRunner->run($configuration = class PHPUnit\TextUI\Configuration\Configuration { private readonly array $cliArguments = [0 => 'tests/Feature/PlayerControllerTest.php']; private readonly ?string $configurationFile = 'C:\\copaApp\\backend\\phpunit.xml'; private readonly ?string $bootstrap = 'C:\\copaApp\\backend\\vendor/autoload.php'; private readonly bool $cacheResult = TRUE; private readonly ?string $cacheDirectory = NULL; private readonly ?string $coverageCacheDirectory = NULL; private readonly PHPUnit\TextUI\Configuration\Source $source = class PHPUnit\TextUI\Configuration\Source { private readonly ?string $baseline = NULL; private readonly bool $ignoreBaseline = FALSE; private readonly PHPUnit\TextUI\Configuration\FilterDirectoryCollection $includeDirectories = class PHPUnit\TextUI\Configuration\FilterDirectoryCollection { ... }; private readonly PHPUnit\TextUI\Configuration\FileCollection $includeFiles = class PHPUnit\TextUI\Configuration\FileCollection { ... }; private readonly PHPUnit\TextUI\Configuration\FilterDirectoryCollection $excludeDirectories = class PHPUnit\TextUI\Configuration\FilterDirectoryCollection { ... }; private readonly PHPUnit\TextUI\Configuration\FileCollection $excludeFiles = class PHPUnit\TextUI\Configuration\FileCollection { ... }; private readonly bool $restrictDeprecations = FALSE; private readonly bool $restrictNotices = FALSE; private readonly bool $restrictWarnings = FALSE; private readonly bool $ignoreSuppressionOfDeprecations = FALSE; private readonly bool $ignoreSuppressionOfPhpDeprecations = FALSE; private readonly bool $ignoreSuppressionOfErrors = FALSE; private readonly bool $ignoreSuppressionOfNotices = FALSE; private readonly bool $ignoreSuppressionOfPhpNotices = FALSE; private readonly bool $ignoreSuppressionOfWarnings = FALSE; private readonly bool $ignoreSuppressionOfPhpWarnings = FALSE }; private readonly bool $pathCoverage = FALSE; private readonly ?string $coverageClover = NULL; private readonly ?string $coverageCobertura = NULL; private readonly ?string $coverageCrap4j = NULL; private readonly int $coverageCrap4jThreshold = 30; private readonly ?string $coverageHtml = NULL; private readonly int $coverageHtmlLowUpperBound = 50; private readonly int $coverageHtmlHighLowerBound = 90; private readonly string $coverageHtmlColorSuccessLow = '#dff0d8'; private readonly string $coverageHtmlColorSuccessMedium = '#c3e3b5'; private readonly string $coverageHtmlColorSuccessHigh = '#99cb84'; private readonly string $coverageHtmlColorWarning = '#fcf8e3'; private readonly string $coverageHtmlColorDanger = '#f2dede'; private readonly ?string $coverageHtmlCustomCssFile = NULL; private readonly ?string $coveragePhp = NULL; private readonly ?string $coverageText = NULL; private readonly bool $coverageTextShowUncoveredFiles = FALSE; private readonly bool $coverageTextShowOnlySummary = FALSE; private readonly ?string $coverageXml = NULL; private readonly string $testResultCacheFile = 'C:\\copaApp\\backend\\.phpunit.result.cache'; private readonly bool $ignoreDeprecatedCodeUnitsFromCodeCoverage = FALSE; private readonly bool $disableCodeCoverageIgnore = FALSE; private readonly bool $failOnAllIssues = FALSE; private readonly bool $failOnDeprecation = FALSE; private readonly bool $failOnPhpunitDeprecation = FALSE; private readonly bool $failOnPhpunitWarning = TRUE; private readonly bool $failOnEmptyTestSuite = FALSE; private readonly bool $failOnIncomplete = FALSE; private readonly bool $failOnNotice = FALSE; private readonly bool $failOnRisky = FALSE; private readonly bool $failOnSkipped = FALSE; private readonly bool $failOnWarning = FALSE; private readonly bool $doNotFailOnDeprecation = FALSE; private readonly bool $doNotFailOnPhpunitDeprecation = FALSE; private readonly bool $doNotFailOnPhpunitWarning = FALSE; private readonly bool $doNotFailOnEmptyTestSuite = FALSE; private readonly bool $doNotFailOnIncomplete = FALSE; private readonly bool $doNotFailOnNotice = FALSE; private readonly bool $doNotFailOnRisky = FALSE; private readonly bool $doNotFailOnSkipped = FALSE; private readonly bool $doNotFailOnWarning = FALSE; private readonly bool $stopOnDefect = FALSE; private readonly bool $stopOnDeprecation = FALSE; private readonly bool $stopOnError = FALSE; private readonly bool $stopOnFailure = FALSE; private readonly bool $stopOnIncomplete = FALSE; private readonly bool $stopOnNotice = FALSE; private readonly bool $stopOnRisky = FALSE; private readonly bool $stopOnSkipped = FALSE; private readonly bool $stopOnWarning = FALSE; private readonly bool $outputToStandardErrorStream = FALSE; private readonly int $columns = 80; private readonly bool $noExtensions = FALSE; private readonly ?string $pharExtensionDirectory = NULL; private readonly array $extensionBootstrappers = []; private readonly bool $backupGlobals = FALSE; private readonly bool $backupStaticProperties = FALSE; private readonly bool $beStrictAboutChangesToGlobalState = FALSE; private readonly bool $colors = FALSE; private readonly bool $processIsolation = FALSE; private readonly bool $enforceTimeLimit = FALSE; private readonly int $defaultTimeLimit = 1; private readonly int $timeoutForSmallTests = 1; private readonly int $timeoutForMediumTests = 10; private readonly int $timeoutForLargeTests = 60; private readonly bool $reportUselessTests = TRUE; private readonly bool $strictCoverage = FALSE; private readonly bool $disallowTestOutput = FALSE; private readonly bool $displayDetailsOnAllIssues = FALSE; private readonly bool $displayDetailsOnIncompleteTests = FALSE; private readonly bool $displayDetailsOnSkippedTests = FALSE; private readonly bool $displayDetailsOnTestsThatTriggerDeprecations = FALSE; private readonly bool $displayDetailsOnPhpunitDeprecations = FALSE; private readonly bool $displayDetailsOnTestsThatTriggerErrors = FALSE; private readonly bool $displayDetailsOnTestsThatTriggerNotices = FALSE; private readonly bool $displayDetailsOnTestsThatTriggerWarnings = FALSE; private readonly bool $reverseDefectList = FALSE; private readonly bool $requireCoverageMetadata = FALSE; private readonly bool $registerMockObjectsFromTestArgumentsRecursively = FALSE; private readonly bool $noProgress = FALSE; private readonly bool $noResults = FALSE; private readonly bool $noOutput = FALSE; private readonly int $executionOrder = 0; private readonly int $executionOrderDefects = 0; private readonly bool $resolveDependencies = TRUE; private readonly ?string $logfileTeamcity = NULL; private readonly ?string $logfileJunit = NULL; private readonly ?string $logfileTestdoxHtml = NULL; private readonly ?string $logfileTestdoxText = NULL; private readonly ?string $logEventsText = NULL; private readonly ?string $logEventsVerboseText = NULL; private readonly ?array $testsCovering = NULL; private readonly ?array $testsUsing = NULL; private readonly bool $teamCityOutput = FALSE; private readonly bool $testDoxOutput = FALSE; private readonly ?string $filter = NULL; private readonly ?array $groups = []; private readonly ?array $excludeGroups = []; private readonly int $randomOrderSeed = 1781856309; private readonly bool $includeUncoveredFiles = TRUE; private readonly PHPUnit\TextUI\Configuration\TestSuiteCollection $testSuite = class PHPUnit\TextUI\Configuration\TestSuiteCollection { private readonly array $testSuites = [...] }; private readonly string $includeTestSuite = ''; private readonly string $excludeTestSuite = ''; private readonly ?string $defaultTestSuite = NULL; private readonly array $testSuffixes = [0 => 'Test.php', 1 => '.phpt']; private readonly PHPUnit\TextUI\Configuration\Php $php = class PHPUnit\TextUI\Configuration\Php { private readonly PHPUnit\TextUI\Configuration\DirectoryCollection $includePaths = class PHPUnit\TextUI\Configuration\DirectoryCollection { ... }; private readonly PHPUnit\TextUI\Configuration\IniSettingCollection $iniSettings = class PHPUnit\TextUI\Configuration\IniSettingCollection { ... }; private readonly PHPUnit\TextUI\Configuration\ConstantCollection $constants = class PHPUnit\TextUI\Configuration\ConstantCollection { ... }; private readonly PHPUnit\TextUI\Configuration\VariableCollection $globalVariables = class PHPUnit\TextUI\Configuration\VariableCollection { ... }; private readonly PHPUnit\TextUI\Configuration\VariableCollection $envVariables = class PHPUnit\TextUI\Configuration\VariableCollection { ... }; private readonly PHPUnit\TextUI\Configuration\VariableCollection $postVariables = class PHPUnit\TextUI\Configuration\VariableCollection { ... }; private readonly PHPUnit\TextUI\Configuration\VariableCollection $getVariables = class PHPUnit\TextUI\Configuration\VariableCollection { ... }; private readonly PHPUnit\TextUI\Configuration\VariableCollection $cookieVariables = class PHPUnit\TextUI\Configuration\VariableCollection { ... }; private readonly PHPUnit\TextUI\Configuration\VariableCollection $serverVariables = class PHPUnit\TextUI\Configuration\VariableCollection { ... }; private readonly PHPUnit\TextUI\Configuration\VariableCollection $filesVariables = class PHPUnit\TextUI\Configuration\VariableCollection { ... }; private readonly PHPUnit\TextUI\Configuration\VariableCollection $requestVariables = class PHPUnit\TextUI\Configuration\VariableCollection { ... } }; private readonly bool $controlGarbageCollector = FALSE; private readonly int $numberOfTestsBeforeGarbageCollection = 100; private readonly ?string $generateBaseline = NULL; private readonly bool $debug = FALSE }, $resultCache = class PHPUnit\Runner\ResultCache\DefaultResultCache { private readonly string $cacheFilename = 'C:\\copaApp\\backend\\.phpunit.result.cache'; private array $defects = ['Tests\Feature\ExampleTest::test_the_application_returns_a_successful_response' => class PHPUnit\Framework\TestStatus\Error { ... }, 'Tests\Feature\PlayerControllerTest::test_index_returns_paginated_players' => class PHPUnit\Framework\TestStatus\Error { ... }, 'Tests\Feature\PlayerControllerTest::test_index_filters_by_team_id' => class PHPUnit\Framework\TestStatus\Error { ... }, 'Tests\Feature\PlayerControllerTest::test_index_searches_by_name' => class PHPUnit\Framework\TestStatus\Error { ... }, 'Tests\Feature\PlayerControllerTest::test_index_combined_filters_respects_team_id' => class PHPUnit\Framework\TestStatus\Error { ... }, 'Tests\Feature\PlayerControllerTest::test_index_escapes_wildcard_patterns' => class PHPUnit\Framework\TestStatus\Error { ... }]; private array $times = ['Tests\Unit\ExampleTest::test_that_true_is_true' => 0.006, 'Tests\Feature\DatabaseSeederTest::test_database_seeder_populates_tables_correctly' => 0.299, 'Tests\Feature\ExampleTest::test_the_application_returns_a_successful_response' => 0.047, 'Tests\Feature\PlayerControllerTest::test_index_returns_paginated_players' => 0.15, 'Tests\Feature\PlayerControllerTest::test_index_filters_by_team_id' => 0.003, 'Tests\Feature\PlayerControllerTest::test_index_searches_by_name' => 0.003, 'Tests\Feature\PlayerControllerTest::test_index_combined_filters_respects_team_id' => 0.003, 'Tests\Feature\PlayerControllerTest::test_index_escapes_wildcard_patterns' => 0.004] }, $suite = class PHPUnit\Framework\TestSuite { private string $name = 'Tests\\Feature\\PlayerControllerTest'; private array $groups = []; private ?array $requiredTests = NULL; private array $tests = []; private ?array $providedTests = NULL; private ?PHPUnit\Runner\Filter\Factory $iteratorFilter = NULL; private bool $wasRun = TRUE }) C:\copaApp\backend\vendor\phpunit\phpunit\src\TextUI\Application.php:204
    0.1569    9120552   5. PHPUnit\Framework\TestSuite->run() C:\copaApp\backend\vendor\phpunit\phpunit\src\TextUI\TestRunner.php:64
    0.1759    9424592   6. PHPUnit\Framework\TestCase->run() C:\copaApp\backend\vendor\phpunit\phpunit\src\Framework\TestSuite.php:374
    0.1769    9477528   7. PHPUnit\Framework\TestRunner->run($test = class Tests\Feature\PlayerControllerTest { private ?bool ${PHPUnit\Framework\TestCase}backupGlobals = FALSE; private array ${PHPUnit\Framework\TestCase}backupGlobalsExcludeList = []; private ?bool ${PHPUnit\Framework\TestCase}backupStaticProperties = FALSE; private array ${PHPUnit\Framework\TestCase}backupStaticPropertiesExcludeList = []; private ?SebastianBergmann\GlobalState\Snapshot ${PHPUnit\Framework\TestCase}snapshot = NULL; private ?bool ${PHPUnit\Framework\TestCase}runClassInSeparateProcess = NULL; private ?bool ${PHPUnit\Framework\TestCase}runTestInSeparateProcess = NULL; private bool ${PHPUnit\Framework\TestCase}preserveGlobalState = FALSE; private bool ${PHPUnit\Framework\TestCase}inIsolation = FALSE; private ?string ${PHPUnit\Framework\TestCase}expectedException = NULL; private ?string ${PHPUnit\Framework\TestCase}expectedExceptionMessage = NULL; private ?string ${PHPUnit\Framework\TestCase}expectedExceptionMessageRegExp = NULL; private string|int|null ${PHPUnit\Framework\TestCase}expectedExceptionCode = NULL; private array ${PHPUnit\Framework\TestCase}providedTests = [0 => class PHPUnit\Framework\ExecutionOrderDependency { ... }]; private array ${PHPUnit\Framework\TestCase}data = []; private string|int ${PHPUnit\Framework\TestCase}dataName = ''; private string ${PHPUnit\Framework\TestCase}name = 'test_index_returns_paginated_players'; private array ${PHPUnit\Framework\TestCase}groups = [0 => 'default']; private array ${PHPUnit\Framework\TestCase}dependencies = []; private array ${PHPUnit\Framework\TestCase}dependencyInput = []; private array ${PHPUnit\Framework\TestCase}iniSettings = []; private array ${PHPUnit\Framework\TestCase}locale = []; private array ${PHPUnit\Framework\TestCase}mockObjects = []; private bool ${PHPUnit\Framework\TestCase}registerMockObjectsFromTestArgumentsRecursively = FALSE; private PHPUnit\Framework\TestStatus\TestStatus ${PHPUnit\Framework\TestCase}status = class PHPUnit\Framework\TestStatus\Unknown { private readonly string ${PHPUnit\Framework\TestStatus\TestStatus}message = '' }; private int ${PHPUnit\Framework\TestCase}numberOfAssertionsPerformed = 0; private mixed ${PHPUnit\Framework\TestCase}testResult = NULL; private string ${PHPUnit\Framework\TestCase}output = ''; private ?string ${PHPUnit\Framework\TestCase}outputExpectedRegex = NULL; private ?string ${PHPUnit\Framework\TestCase}outputExpectedString = NULL; private bool ${PHPUnit\Framework\TestCase}outputBufferingActive = TRUE; private int ${PHPUnit\Framework\TestCase}outputBufferingLevel = 1; private bool ${PHPUnit\Framework\TestCase}outputRetrievedForAssertion = FALSE; private bool ${PHPUnit\Framework\TestCase}doesNotPerformAssertions = FALSE; private array ${PHPUnit\Framework\TestCase}customComparators = []; private ?PHPUnit\Event\Code\TestMethod ${PHPUnit\Framework\TestCase}testValueObjectForEvents = class PHPUnit\Event\Code\TestMethod { private readonly string ${PHPUnit\Event\Code\Test}file = 'C:\\copaApp\\backend\\tests\\Feature\\PlayerControllerTest.php'; private readonly string $className = 'Tests\\Feature\\PlayerControllerTest'; private readonly string $methodName = 'test_index_returns_paginated_players'; private readonly int $line = 19; private readonly PHPUnit\Event\Code\TestDox $testDox = class PHPUnit\Event\Code\TestDox { ... }; private readonly PHPUnit\Metadata\MetadataCollection $metadata = class PHPUnit\Metadata\MetadataCollection { ... }; private readonly PHPUnit\Event\TestData\TestDataCollection $testData = class PHPUnit\Event\TestData\TestDataCollection { ... } }; private bool ${PHPUnit\Framework\TestCase}wasPrepared = TRUE; private array ${PHPUnit\Framework\TestCase}failureTypes = []; protected $originalVite = NULL; protected $originalMix = NULL; protected $originalDeferredCallbacksCollection = NULL; protected $defaultHeaders = []; protected $defaultCookies = []; protected $unencryptedCookies = []; protected $serverVariables = []; protected $followRedirects = FALSE; protected $encryptCookies = TRUE; protected $withCredentials = FALSE; public $mockConsoleOutput = TRUE; public $expectsOutput = NULL; public $expectedOutput = []; public $expectedOutputSubstrings = []; public $unexpectedOutput = []; public $unexpectedOutputSubstrings = []; public $expectedTables = []; public $expectedQuestions = []; public $expectedChoices = []; protected $originalDeprecationHandler = NULL; protected $originalExceptionHandler = NULL; protected $app = class Illuminate\Foundation\Application { protected $resolved = [...]; protected $bindings = [...]; protected $methodBindings = [...]; protected $instances = [...]; protected $scopedInstances = [...]; protected $aliases = [...]; protected $abstractAliases = [...]; protected $extenders = [...]; protected $tags = [...]; protected $buildStack = [...]; protected $with = [...]; public $contextual = [...]; public $contextualAttributes = [...]; protected $reboundCallbacks = [...]; protected $globalBeforeResolvingCallbacks = [...]; protected $globalResolvingCallbacks = [...]; protected $globalAfterResolvingCallbacks = [...]; protected $beforeResolvingCallbacks = [...]; protected $resolvingCallbacks = [...]; protected $afterResolvingCallbacks = [...]; protected $afterResolvingAttributeCallbacks = [...]; protected $basePath = 'C:\\copaApp\\backend'; protected $registeredCallbacks = [...]; protected $hasBeenBootstrapped = TRUE; protected $booted = TRUE; protected $bootingCallbacks = [...]; protected $bootedCallbacks = [...]; protected $terminatingCallbacks = [...]; protected $serviceProviders = [...]; protected $loadedProviders = [...]; protected $deferredServices = [...]; protected $bootstrapPath = 'C:\\copaApp\\backend\\bootstrap'; protected $appPath = NULL; protected $configPath = NULL; protected $databasePath = NULL; protected $langPath = 'C:\\copaApp\\backend\\lang'; protected $publicPath = NULL; protected $storagePath = NULL; protected $environmentPath = NULL; protected $environmentFile = '.env'; protected $isRunningInConsole = TRUE; protected $namespace = NULL; protected $mergeFrameworkConfiguration = TRUE; protected $absoluteCachePathPrefixes = [...] }; protected $afterApplicationCreatedCallbacks = []; protected $beforeApplicationDestroyedCallbacks = [0 => class Closure { ... }]; protected $callbackException = NULL; protected $setUpHasRun = TRUE }) C:\copaApp\backend\vendor\phpunit\phpunit\src\Framework\TestCase.php:516
    0.1787    9533880   8. PHPUnit\Framework\TestCase->runBare() C:\copaApp\backend\vendor\phpunit\phpunit\src\Framework\TestRunner.php:106
    1.3465   34248472   9. PHPUnit\Framework\TestCase->runTest() C:\copaApp\backend\vendor\phpunit\phpunit\src\Framework\TestCase.php:686
    1.3470   34258896  10. Tests\Feature\PlayerControllerTest->test_index_returns_paginated_players() C:\copaApp\backend\vendor\phpunit\phpunit\src\Framework\TestCase.php:1548
    1.3987   38333280  11. Illuminate\Foundation\Testing\TestCase->getJson($uri = '/api/players', $headers = ???, $options = ???) C:\copaApp\backend\tests\Feature\PlayerControllerTest.php:39
    1.3987   38333280  12. Illuminate\Foundation\Testing\TestCase->json($method = 'GET', $uri = '/api/players', $data = [], $headers = [], $options = 0) C:\copaApp\backend\vendor\laravel\framework\src\Illuminate\Foundation\Testing\Concerns\MakesHttpRequests.php:381
    1.3987   38334184  13. Illuminate\Foundation\Testing\TestCase->call($method = 'GET', $uri = '/api/players', $parameters = [], $cookies = [], $files = [], $server = ['HTTP_CONTENT_LENGTH' => 2, 'CONTENT_TYPE' => 'application/json', 'HTTP_ACCEPT' => 'application/json'], $content = '[]') C:\copaApp\backend\vendor\laravel\framework\src\Illuminate\Foundation\Testing\Concerns\MakesHttpRequests.php:573
    1.4007   38440192  14. Illuminate\Foundation\Http\Kernel->handle($request = class Illuminate\Http\Request { public Symfony\Component\HttpFoundation\ParameterBag $attributes = class Symfony\Component\HttpFoundation\ParameterBag { protected array $parameters = [...] }; public Symfony\Component\HttpFoundation\InputBag $request = class Symfony\Component\HttpFoundation\InputBag { protected array $parameters = [...] }; public Symfony\Component\HttpFoundation\InputBag $query = class Symfony\Component\HttpFoundation\InputBag { protected array $parameters = [...] }; public Symfony\Component\HttpFoundation\ServerBag $server = class Symfony\Component\HttpFoundation\ServerBag { protected array $parameters = [...] }; public Symfony\Component\HttpFoundation\FileBag $files = class Symfony\Component\HttpFoundation\FileBag { protected array $parameters = [...] }; public Symfony\Component\HttpFoundation\InputBag $cookies = class Symfony\Component\HttpFoundation\InputBag { protected array $parameters = [...] }; public Symfony\Component\HttpFoundation\HeaderBag $headers = class Symfony\Component\HttpFoundation\HeaderBag { protected array $headers = [...]; protected array $cacheControl = [...] }; protected $content = '[]'; protected ?array $languages = NULL; protected ?array $charsets = NULL; protected ?array $encodings = NULL; protected ?array $acceptableContentTypes = NULL; protected ?string $pathInfo = '/api/players'; protected ?string $requestUri = '/api/players'; protected ?string $baseUrl = ''; protected ?string $basePath = NULL; protected ?string $method = 'GET'; protected ?string $format = NULL; protected Symfony\Component\HttpFoundation\Session\SessionInterface|Closure|null $session = NULL; protected ?string $locale = NULL; protected string $defaultLocale = 'en'; private ?string ${Symfony\Component\HttpFoundation\Request}preferredFormat = NULL; private bool ${Symfony\Component\HttpFoundation\Request}isHostValid = TRUE; private bool ${Symfony\Component\HttpFoundation\Request}isForwardedValid = TRUE; private bool ${Symfony\Component\HttpFoundation\Request}isSafeContentPreferred = *uninitialized*; private array ${Symfony\Component\HttpFoundation\Request}trustedValuesCache = []; private bool ${Symfony\Component\HttpFoundation\Request}isIisRewrite = FALSE; protected $json = class Symfony\Component\HttpFoundation\InputBag { protected array $parameters = [...] }; protected $convertedFiles = NULL; protected $userResolver = class Closure { public $static = [...]; public $this = class Illuminate\Auth\AuthServiceProvider { ... }; public $parameter = [...] }; protected $routeResolver = class Closure { public $static = [...]; public $this = class Illuminate\Routing\Router { ... } } }) C:\copaApp\backend\vendor\laravel\framework\src\Illuminate\Foundation\Testing\Concerns\MakesHttpRequests.php:607
    1.4007   38440904  15. Illuminate\Foundation\Http\Kernel->sendRequestThroughRouter($request = class Illuminate\Http\Request { public Symfony\Component\HttpFoundation\ParameterBag $attributes = class Symfony\Component\HttpFoundation\ParameterBag { protected array $parameters = [...] }; public Symfony\Component\HttpFoundation\InputBag $request = class Symfony\Component\HttpFoundation\InputBag { protected array $parameters = [...] }; public Symfony\Component\HttpFoundation\InputBag $query = class Symfony\Component\HttpFoundation\InputBag { protected array $parameters = [...] }; public Symfony\Component\HttpFoundation\ServerBag $server = class Symfony\Component\HttpFoundation\ServerBag { protected array $parameters = [...] }; public Symfony\Component\HttpFoundation\FileBag $files = class Symfony\Component\HttpFoundation\FileBag { protected array $parameters = [...] }; public Symfony\Component\HttpFoundation\InputBag $cookies = class Symfony\Component\HttpFoundation\InputBag { protected array $parameters = [...] }; public Symfony\Component\HttpFoundation\HeaderBag $headers = class Symfony\Component\HttpFoundation\HeaderBag { protected array $headers = [...]; protected array $cacheControl = [...] }; protected $content = '[]'; protected ?array $languages = NULL; protected ?array $charsets = NULL; protected ?array $encodings = NULL; protected ?array $acceptableContentTypes = NULL; protected ?string $pathInfo = '/api/players'; protected ?string $requestUri = '/api/players'; protected ?string $baseUrl = ''; protected ?string $basePath = NULL; protected ?string $method = 'GET'; protected ?string $format = NULL; protected Symfony\Component\HttpFoundation\Session\SessionInterface|Closure|null $session = NULL; protected ?string $locale = NULL; protected string $defaultLocale = 'en'; private ?string ${Symfony\Component\HttpFoundation\Request}preferredFormat = NULL; private bool ${Symfony\Component\HttpFoundation\Request}isHostValid = TRUE; private bool ${Symfony\Component\HttpFoundation\Request}isForwardedValid = TRUE; private bool ${Symfony\Component\HttpFoundation\Request}isSafeContentPreferred = *uninitialized*; private array ${Symfony\Component\HttpFoundation\Request}trustedValuesCache = []; private bool ${Symfony\Component\HttpFoundation\Request}isIisRewrite = FALSE; protected $json = class Symfony\Component\HttpFoundation\InputBag { protected array $parameters = [...] }; protected $convertedFiles = NULL; protected $userResolver = class Closure { public $static = [...]; public $this = class Illuminate\Auth\AuthServiceProvider { ... }; public $parameter = [...] }; protected $routeResolver = class Closure { public $static = [...]; public $this = class Illuminate\Routing\Router { ... } } }) C:\copaApp\backend\vendor\laravel\framework\src\Illuminate\Foundation\Http\Kernel.php:145
    1.4015   38459776  16. Illuminate\Pipeline\Pipeline->then($destination = class Closure { public $this = class Illuminate\Foundation\Http\Kernel { protected $app = class Illuminate\Foundation\Application { ... }; protected $router = class Illuminate\Routing\Router { ... }; protected $bootstrappers = [...]; protected $middleware = [...]; protected $middlewareGroups = [...]; protected $routeMiddleware = [...]; protected $middlewareAliases = [...]; protected $requestLifecycleDurationHandlers = [...]; protected $requestStartedAt = class Illuminate\Support\Carbon { ... }; protected $middlewarePriority = [...] }; public $parameter = ['$request' => '<required>'] }) C:\copaApp\backend\vendor\laravel\framework\src\Illuminate\Foundation\Http\Kernel.php:176
    1.4015   38465856  17. Illuminate\Pipeline\Pipeline->Illuminate\Pipeline\{closure:C:\copaApp\backend\vendor\laravel\framework\src\Illuminate\Pipeline\Pipeline.php:185-216}($passable = class Illuminate\Http\Request { public Symfony\Component\HttpFoundation\ParameterBag $attributes = class Symfony\Component\HttpFoundation\ParameterBag { protected array $parameters = [...] }; public Symfony\Component\HttpFoundation\InputBag $request = class Symfony\Component\HttpFoundation\InputBag { protected array $parameters = [...] }; public Symfony\Component\HttpFoundation\InputBag $query = class Symfony\Component\HttpFoundation\InputBag { protected array $parameters = [...] }; public Symfony\Component\HttpFoundation\ServerBag $server = class Symfony\Component\HttpFoundation\ServerBag { protected array $parameters = [...] }; public Symfony\Component\HttpFoundation\FileBag $files = class Symfony\Component\HttpFoundation\FileBag { protected array $parameters = [...] }; public Symfony\Component\HttpFoundation\InputBag $cookies = class Symfony\Component\HttpFoundation\InputBag { protected array $parameters = [...] }; public Symfony\Component\HttpFoundation\HeaderBag $headers = class Symfony\Component\HttpFoundation\HeaderBag { protected array $headers = [...]; protected array $cacheControl = [...] }; protected $content = '[]'; protected ?array $languages = NULL; protected ?array $charsets = NULL; protected ?array $encodings = NULL; protected ?array $acceptableContentTypes = NULL; protected ?string $pathInfo = '/api/players'; protected ?string $requestUri = '/api/players'; protected ?string $baseUrl = ''; protected ?string $basePath = NULL; protected ?string $method = 'GET'; protected ?string $format = NULL; protected Symfony\Component\HttpFoundation\Session\SessionInterface|Closure|null $session = NULL; protected ?string $locale = NULL; protected string $defaultLocale = 'en'; private ?string ${Symfony\Component\HttpFoundation\Request}preferredFormat = NULL; private bool ${Symfony\Component\HttpFoundation\Request}isHostValid = TRUE; private bool ${Symfony\Component\HttpFoundation\Request}isForwardedValid = TRUE; private bool ${Symfony\Component\HttpFoundation\Request}isSafeContentPreferred = *uninitialized*; private array ${Symfony\Component\HttpFoundation\Request}trustedValuesCache = []; private bool ${Symfony\Component\HttpFoundation\Request}isIisRewrite = FALSE; protected $json = class Symfony\Component\HttpFoundation\InputBag { protected array $parameters = [...] }; protected $convertedFiles = NULL; protected $userResolver = class Closure { public $static = [...]; public $this = class Illuminate\Auth\AuthServiceProvider { ... }; public $parameter = [...] }; protected $routeResolver = class Closure { public $static = [...]; public $this = class Illuminate\Routing\Router { ... } } }) C:\copaApp\backend\vendor\laravel\framework\src\Illuminate\Pipeline\Pipeline.php:127
    1.4017   38469592  18. Illuminate\Foundation\Http\Middleware\InvokeDeferredCallbacks->handle($request = class Illuminate\Http\Request { public Symfony\Component\HttpFoundation\ParameterBag $attributes = class Symfony\Component\HttpFoundation\ParameterBag { protected array $parameters = [...] }; public Symfony\Component\HttpFoundation\InputBag $request = class Symfony\Component\HttpFoundation\InputBag { protected array $parameters = [...] }; public Symfony\Component\HttpFoundation\InputBag $query = class Symfony\Component\HttpFoundation\InputBag { protected array $parameters = [...] }; public Symfony\Component\HttpFoundation\ServerBag $server = class Symfony\Component\HttpFoundation\ServerBag { protected array $parameters = [...] }; public Symfony\Component\HttpFoundation\FileBag $files = class Symfony\Component\HttpFoundation\FileBag { protected array $parameters = [...] }; public Symfony\Component\HttpFoundation\InputBag $cookies = class Symfony\Component\HttpFoundation\InputBag { protected array $parameters = [...] }; public Symfony\Component\HttpFoundation\HeaderBag $headers = class Symfony\Component\HttpFoundation\HeaderBag { protected array $headers = [...]; protected array $cacheControl = [...] }; protected $content = '[]'; protected ?array $languages = NULL; protected ?array $charsets = NULL; protected ?array $encodings = NULL; protected ?array $acceptableContentTypes = NULL; protected ?string $pathInfo = '/api/players'; protected ?string $requestUri = '/api/players'; protected ?string $baseUrl = ''; protected ?string $basePath = NULL; protected ?string $method = 'GET'; protected ?string $format = NULL; protected Symfony\Component\HttpFoundation\Session\SessionInterface|Closure|null $session = NULL; protected ?string $locale = NULL; protected string $defaultLocale = 'en'; private ?string ${Symfony\Component\HttpFoundation\Request}preferredFormat = NULL; private bool ${Symfony\Component\HttpFoundation\Request}isHostValid = TRUE; private bool ${Symfony\Component\HttpFoundation\Request}isForwardedValid = TRUE; private bool ${Symfony\Component\HttpFoundation\Request}isSafeContentPreferred = *uninitialized*; private array ${Symfony\Component\HttpFoundation\Request}trustedValuesCache = []; private bool ${Symfony\Component\HttpFoundation\Request}isIisRewrite = FALSE; protected $json = class Symfony\Component\HttpFoundation\InputBag { protected array $parameters = [...] }; protected $convertedFiles = NULL; protected $userResolver = class Closure { public $static = [...]; public $this = class Illuminate\Auth\AuthServiceProvider { ... }; public $parameter = [...] }; protected $routeResolver = class Closure { public $static = [...]; public $this = class Illuminate\Routing\Router { ... } } }, $next = class Closure { public $static = ['stack' => class Closure { ... }, 'pipe' => 'Illuminate\\Http\\Middleware\\TrustProxies']; public $this = class Illuminate\Routing\Pipeline { protected $container = class Illuminate\Foundation\Application { ... }; protected $passable = class Illuminate\Http\Request { ... }; protected $pipes = [...]; protected $method = 'handle'; protected $finally = NULL }; public $parameter = ['$passable' => '<required>'] }) C:\copaApp\backend\vendor\laravel\framework\src\Illuminate\Pipeline\Pipeline.php:209
    1.4017   38469592  19. Illuminate\Pipeline\Pipeline->Illuminate\Pipeline\{closure:C:\copaApp\backend\vendor\laravel\framework\src\Illuminate\Pipeline\Pipeline.php:185-216}($passable = class Illuminate\Http\Request { public Symfony\Component\HttpFoundation\ParameterBag $attributes = class Symfony\Component\HttpFoundation\ParameterBag { protected array $parameters = [...] }; public Symfony\Component\HttpFoundation\InputBag $request = class Symfony\Component\HttpFoundation\InputBag { protected array $parameters = [...] }; public Symfony\Component\HttpFoundation\InputBag $query = class Symfony\Component\HttpFoundation\InputBag { protected array $parameters = [...] }; public Symfony\Component\HttpFoundation\ServerBag $server = class Symfony\Component\HttpFoundation\ServerBag { protected array $parameters = [...] }; public Symfony\Component\HttpFoundation\FileBag $files = class Symfony\Component\HttpFoundation\FileBag { protected array $parameters = [...] }; public Symfony\Component\HttpFoundation\InputBag $cookies = class Symfony\Component\HttpFoundation\InputBag { protected array $parameters = [...] }; public Symfony\Component\HttpFoundation\HeaderBag $headers = class Symfony\Component\HttpFoundation\HeaderBag { protected array $headers = [...]; protected array $cacheControl = [...] }; protected $content = '[]'; protected ?array $languages = NULL; protected ?array $charsets = NULL; protected ?array $encodings = NULL; protected ?array $acceptableContentTypes = NULL; protected ?string $pathInfo = '/api/players'; protected ?string $requestUri = '/api/players'; protected ?string $baseUrl = ''; protected ?string $basePath = NULL; protected ?string $method = 'GET'; protected ?string $format = NULL; protected Symfony\Component\HttpFoundation\Session\SessionInterface|Closure|null $session = NULL; protected ?string $locale = NULL; protected string $defaultLocale = 'en'; private ?string ${Symfony\Component\HttpFoundation\Request}preferredFormat = NULL; private bool ${Symfony\Component\HttpFoundation\Request}isHostValid = TRUE; private bool ${Symfony\Component\HttpFoundation\Request}isForwardedValid = TRUE; private bool ${Symfony\Component\HttpFoundation\Request}isSafeContentPreferred = *uninitialized*; private array ${Symfony\Component\HttpFoundation\Request}trustedValuesCache = []; private bool ${Symfony\Component\HttpFoundation\Request}isIisRewrite = FALSE; protected $json = class Symfony\Component\HttpFoundation\InputBag { protected array $parameters = [...] }; protected $convertedFiles = NULL; protected $userResolver = class Closure { public $static = [...]; public $this = class Illuminate\Auth\AuthServiceProvider { ... }; public $parameter = [...] }; protected $routeResolver = class Closure { public $static = [...]; public $this = class Illuminate\Routing\Router { ... } } }) C:\copaApp\backend\vendor\laravel\framework\src\Illuminate\Foundation\Http\Middleware\InvokeDeferredCallbacks.php:22
    1.4021   38492136  20. Illuminate\Http\Middleware\TrustProxies->handle($request = class Illuminate\Http\Request { public Symfony\Component\HttpFoundation\ParameterBag $attributes = class Symfony\Component\HttpFoundation\ParameterBag { protected array $parameters = [...] }; public Symfony\Component\HttpFoundation\InputBag $request = class Symfony\Component\HttpFoundation\InputBag { protected array $parameters = [...] }; public Symfony\Component\HttpFoundation\InputBag $query = class Symfony\Component\HttpFoundation\InputBag { protected array $parameters = [...] }; public Symfony\Component\HttpFoundation\ServerBag $server = class Symfony\Component\HttpFoundation\ServerBag { protected array $parameters = [...] }; public Symfony\Component\HttpFoundation\FileBag $files = class Symfony\Component\HttpFoundation\FileBag { protected array $parameters = [...] }; public Symfony\Component\HttpFoundation\InputBag $cookies = class Symfony\Component\HttpFoundation\InputBag { protected array $parameters = [...] }; public Symfony\Component\HttpFoundation\HeaderBag $headers = class Symfony\Component\HttpFoundation\HeaderBag { protected array $headers = [...]; protected array $cacheControl = [...] }; protected $content = '[]'; protected ?array $languages = NULL; protected ?array $charsets = NULL; protected ?array $encodings = NULL; protected ?array $acceptableContentTypes = NULL; protected ?string $pathInfo = '/api/players'; protected ?string $requestUri = '/api/players'; protected ?string $baseUrl = ''; protected ?string $basePath = NULL; protected ?string $method = 'GET'; protected ?string $format = NULL; protected Symfony\Component\HttpFoundation\Session\SessionInterface|Closure|null $session = NULL; protected ?string $locale = NULL; protected string $defaultLocale = 'en'; private ?string ${Symfony\Component\HttpFoundation\Request}preferredFormat = NULL; private bool ${Symfony\Component\HttpFoundation\Request}isHostValid = TRUE; private bool ${Symfony\Component\HttpFoundation\Request}isForwardedValid = TRUE; private bool ${Symfony\Component\HttpFoundation\Request}isSafeContentPreferred = *uninitialized*; private array ${Symfony\Component\HttpFoundation\Request}trustedValuesCache = []; private bool ${Symfony\Component\HttpFoundation\Request}isIisRewrite = FALSE; protected $json = class Symfony\Component\HttpFoundation\InputBag { protected array $parameters = [...] }; protected $convertedFiles = NULL; protected $userResolver = class Closure { public $static = [...]; public $this = class Illuminate\Auth\AuthServiceProvider { ... }; public $parameter = [...] }; protected $routeResolver = class Closure { public $static = [...]; public $this = class Illuminate\Routing\Router { ... } } }, $next = class Closure { public $static = ['stack' => class Closure { ... }, 'pipe' => 'Illuminate\\Http\\Middleware\\HandleCors']; public $this = class Illuminate\Routing\Pipeline { protected $container = class Illuminate\Foundation\Application { ... }; protected $passable = class Illuminate\Http\Request { ... }; protected $pipes = [...]; protected $method = 'handle'; protected $finally = NULL }; public $parameter = ['$passable' => '<required>'] }) C:\copaApp\backend\vendor\laravel\framework\src\Illuminate\Pipeline\Pipeline.php:209
    1.4022   38492168  21. Illuminate\Pipeline\Pipeline->Illuminate\Pipeline\{closure:C:\copaApp\backend\vendor\laravel\framework\src\Illuminate\Pipeline\Pipeline.php:185-216}($passable = class Illuminate\Http\Request { public Symfony\Component\HttpFoundation\ParameterBag $attributes = class Symfony\Component\HttpFoundation\ParameterBag { protected array $parameters = [...] }; public Symfony\Component\HttpFoundation\InputBag $request = class Symfony\Component\HttpFoundation\InputBag { protected array $parameters = [...] }; public Symfony\Component\HttpFoundation\InputBag $query = class Symfony\Component\HttpFoundation\InputBag { protected array $parameters = [...] }; public Symfony\Component\HttpFoundation\ServerBag $server = class Symfony\Component\HttpFoundation\ServerBag { protected array $parameters = [...] }; public Symfony\Component\HttpFoundation\FileBag $files = class Symfony\Component\HttpFoundation\FileBag { protected array $parameters = [...] }; public Symfony\Component\HttpFoundation\InputBag $cookies = class Symfony\Component\HttpFoundation\InputBag { protected array $parameters = [...] }; public Symfony\Component\HttpFoundation\HeaderBag $headers = class Symfony\Component\HttpFoundation\HeaderBag { protected array $headers = [...]; protected array $cacheControl = [...] }; protected $content = '[]'; protected ?array $languages = NULL; protected ?array $charsets = NULL; protected ?array $encodings = NULL; protected ?array $acceptableContentTypes = NULL; protected ?string $pathInfo = '/api/players'; protected ?string $requestUri = '/api/players'; protected ?string $baseUrl = ''; protected ?string $basePath = NULL; protected ?string $method = 'GET'; protected ?string $format = NULL; protected Symfony\Component\HttpFoundation\Session\SessionInterface|Closure|null $session = NULL; protected ?string $locale = NULL; protected string $defaultLocale = 'en'; private ?string ${Symfony\Component\HttpFoundation\Request}preferredFormat = NULL; private bool ${Symfony\Component\HttpFoundation\Request}isHostValid = TRUE; private bool ${Symfony\Component\HttpFoundation\Request}isForwardedValid = TRUE; private bool ${Symfony\Component\HttpFoundation\Request}isSafeContentPreferred = *uninitialized*; private array ${Symfony\Component\HttpFoundation\Request}trustedValuesCache = []; private bool ${Symfony\Component\HttpFoundation\Request}isIisRewrite = FALSE; protected $json = class Symfony\Component\HttpFoundation\InputBag { protected array $parameters = [...] }; protected $convertedFiles = NULL; protected $userResolver = class Closure { public $static = [...]; public $this = class Illuminate\Auth\AuthServiceProvider { ... }; public $parameter = [...] }; protected $routeResolver = class Closure { public $static = [...]; public $this = class Illuminate\Routing\Router { ... } } }) C:\copaApp\backend\vendor\laravel\framework\src\Illuminate\Http\Middleware\TrustProxies.php:58
    1.4031   38540192  22. Illuminate\Http\Middleware\HandleCors->handle($request = class Illuminate\Http\Request { public Symfony\Component\HttpFoundation\ParameterBag $attributes = class Symfony\Component\HttpFoundation\ParameterBag { protected array $parameters = [...] }; public Symfony\Component\HttpFoundation\InputBag $request = class Symfony\Component\HttpFoundation\InputBag { protected array $parameters = [...] }; public Symfony\Component\HttpFoundation\InputBag $query = class Symfony\Component\HttpFoundation\InputBag { protected array $parameters = [...] }; public Symfony\Component\HttpFoundation\ServerBag $server = class Symfony\Component\HttpFoundation\ServerBag { protected array $parameters = [...] }; public Symfony\Component\HttpFoundation\FileBag $files = class Symfony\Component\HttpFoundation\FileBag { protected array $parameters = [...] }; public Symfony\Component\HttpFoundation\InputBag $cookies = class Symfony\Component\HttpFoundation\InputBag { protected array $parameters = [...] }; public Symfony\Component\HttpFoundation\HeaderBag $headers = class Symfony\Component\HttpFoundation\HeaderBag { protected array $headers = [...]; protected array $cacheControl = [...] }; protected $content = '[]'; protected ?array $languages = NULL; protected ?array $charsets = NULL; protected ?array $encodings = NULL; protected ?array $acceptableContentTypes = NULL; protected ?string $pathInfo = '/api/players'; protected ?string $requestUri = '/api/players'; protected ?string $baseUrl = ''; protected ?string $basePath = NULL; protected ?string $method = 'GET'; protected ?string $format = NULL; protected Symfony\Component\HttpFoundation\Session\SessionInterface|Closure|null $session = NULL; protected ?string $locale = NULL; protected string $defaultLocale = 'en'; private ?string ${Symfony\Component\HttpFoundation\Request}preferredFormat = NULL; private bool ${Symfony\Component\HttpFoundation\Request}isHostValid = TRUE; private bool ${Symfony\Component\HttpFoundation\Request}isForwardedValid = TRUE; private bool ${Symfony\Component\HttpFoundation\Request}isSafeContentPreferred = *uninitialized*; private array ${Symfony\Component\HttpFoundation\Request}trustedValuesCache = []; private bool ${Symfony\Component\HttpFoundation\Request}isIisRewrite = FALSE; protected $json = class Symfony\Component\HttpFoundation\InputBag { protected array $parameters = [...] }; protected $convertedFiles = NULL; protected $userResolver = class Closure { public $static = [...]; public $this = class Illuminate\Auth\AuthServiceProvider { ... }; public $parameter = [...] }; protected $routeResolver = class Closure { public $static = [...]; public $this = class Illuminate\Routing\Router { ... } } }, $next = class Closure { public $static = ['stack' => class Closure { ... }, 'pipe' => 'Illuminate\\Foundation\\Http\\Middleware\\PreventRequestsDuringMaintenance']; public $this = class Illuminate\Routing\Pipeline { protected $container = class Illuminate\Foundation\Application { ... }; protected $passable = class Illuminate\Http\Request { ... }; protected $pipes = [...]; protected $method = 'handle'; protected $finally = NULL }; public $parameter = ['$passable' => '<required>'] }) C:\copaApp\backend\vendor\laravel\framework\src\Illuminate\Pipeline\Pipeline.php:209
    1.4033   38542264  23. Illuminate\Pipeline\Pipeline->Illuminate\Pipeline\{closure:C:\copaApp\backend\vendor\laravel\framework\src\Illuminate\Pipeline\Pipeline.php:185-216}($passable = class Illuminate\Http\Request { public Symfony\Component\HttpFoundation\ParameterBag $attributes = class Symfony\Component\HttpFoundation\ParameterBag { protected array $parameters = [...] }; public Symfony\Component\HttpFoundation\InputBag $request = class Symfony\Component\HttpFoundation\InputBag { protected array $parameters = [...] }; public Symfony\Component\HttpFoundation\InputBag $query = class Symfony\Component\HttpFoundation\InputBag { protected array $parameters = [...] }; public Symfony\Component\HttpFoundation\ServerBag $server = class Symfony\Component\HttpFoundation\ServerBag { protected array $parameters = [...] }; public Symfony\Component\HttpFoundation\FileBag $files = class Symfony\Component\HttpFoundation\FileBag { protected array $parameters = [...] }; public Symfony\Component\HttpFoundation\InputBag $cookies = class Symfony\Component\HttpFoundation\InputBag { protected array $parameters = [...] }; public Symfony\Component\HttpFoundation\HeaderBag $headers = class Symfony\Component\HttpFoundation\HeaderBag { protected array $headers = [...]; protected array $cacheControl = [...] }; protected $content = '[]'; protected ?array $languages = NULL; protected ?array $charsets = NULL; protected ?array $encodings = NULL; protected ?array $acceptableContentTypes = NULL; protected ?string $pathInfo = '/api/players'; protected ?string $requestUri = '/api/players'; protected ?string $baseUrl = ''; protected ?string $basePath = NULL; protected ?string $method = 'GET'; protected ?string $format = NULL; protected Symfony\Component\HttpFoundation\Session\SessionInterface|Closure|null $session = NULL; protected ?string $locale = NULL; protected string $defaultLocale = 'en'; private ?string ${Symfony\Component\HttpFoundation\Request}preferredFormat = NULL; private bool ${Symfony\Component\HttpFoundation\Request}isHostValid = TRUE; private bool ${Symfony\Component\HttpFoundation\Request}isForwardedValid = TRUE; private bool ${Symfony\Component\HttpFoundation\Request}isSafeContentPreferred = *uninitialized*; private array ${Symfony\Component\HttpFoundation\Request}trustedValuesCache = []; private bool ${Symfony\Component\HttpFoundation\Request}isIisRewrite = FALSE; protected $json = class Symfony\Component\HttpFoundation\InputBag { protected array $parameters = [...] }; protected $convertedFiles = NULL; protected $userResolver = class Closure { public $static = [...]; public $this = class Illuminate\Auth\AuthServiceProvider { ... }; public $parameter = [...] }; protected $routeResolver = class Closure { public $static = [...]; public $this = class Illuminate\Routing\Router { ... } } }) C:\copaApp\backend\vendor\laravel\framework\src\Illuminate\Http\Middleware\HandleCors.php:62
    1.4033   38542720  24. Illuminate\Foundation\Http\Middleware\PreventRequestsDuringMaintenance->handle($request = class Illuminate\Http\Request { public Symfony\Component\HttpFoundation\ParameterBag $attributes = class Symfony\Component\HttpFoundation\ParameterBag { protected array $parameters = [...] }; public Symfony\Component\HttpFoundation\InputBag $request = class Symfony\Component\HttpFoundation\InputBag { protected array $parameters = [...] }; public Symfony\Component\HttpFoundation\InputBag $query = class Symfony\Component\HttpFoundation\InputBag { protected array $parameters = [...] }; public Symfony\Component\HttpFoundation\ServerBag $server = class Symfony\Component\HttpFoundation\ServerBag { protected array $parameters = [...] }; public Symfony\Component\HttpFoundation\FileBag $files = class Symfony\Component\HttpFoundation\FileBag { protected array $parameters = [...] }; public Symfony\Component\HttpFoundation\InputBag $cookies = class Symfony\Component\HttpFoundation\InputBag { protected array $parameters = [...] }; public Symfony\Component\HttpFoundation\HeaderBag $headers = class Symfony\Component\HttpFoundation\HeaderBag { protected array $headers = [...]; protected array $cacheControl = [...] }; protected $content = '[]'; protected ?array $languages = NULL; protected ?array $charsets = NULL; protected ?array $encodings = NULL; protected ?array $acceptableContentTypes = NULL; protected ?string $pathInfo = '/api/players'; protected ?string $requestUri = '/api/players'; protected ?string $baseUrl = ''; protected ?string $basePath = NULL; protected ?string $method = 'GET'; protected ?string $format = NULL; protected Symfony\Component\HttpFoundation\Session\SessionInterface|Closure|null $session = NULL; protected ?string $locale = NULL; protected string $defaultLocale = 'en'; private ?string ${Symfony\Component\HttpFoundation\Request}preferredFormat = NULL; private bool ${Symfony\Component\HttpFoundation\Request}isHostValid = TRUE; private bool ${Symfony\Component\HttpFoundation\Request}isForwardedValid = TRUE; private bool ${Symfony\Component\HttpFoundation\Request}isSafeContentPreferred = *uninitialized*; private array ${Symfony\Component\HttpFoundation\Request}trustedValuesCache = []; private bool ${Symfony\Component\HttpFoundation\Request}isIisRewrite = FALSE; protected $json = class Symfony\Component\HttpFoundation\InputBag { protected array $parameters = [...] }; protected $convertedFiles = NULL; protected $userResolver = class Closure { public $static = [...]; public $this = class Illuminate\Auth\AuthServiceProvider { ... }; public $parameter = [...] }; protected $routeResolver = class Closure { public $static = [...]; public $this = class Illuminate\Routing\Router { ... } } }, $next = class Closure { public $static = ['stack' => class Closure { ... }, 'pipe' => 'Illuminate\\Http\\Middleware\\ValidatePostSize']; public $this = class Illuminate\Routing\Pipeline { protected $container = class Illuminate\Foundation\Application { ... }; protected $passable = class Illuminate\Http\Request { ... }; protected $pipes = [...]; protected $method = 'handle'; protected $finally = NULL }; public $parameter = ['$passable' => '<required>'] }) C:\copaApp\backend\vendor\laravel\framework\src\Illuminate\Pipeline\Pipeline.php:209
    1.4048   38566384  25. Illuminate\Pipeline\Pipeline->Illuminate\Pipeline\{closure:C:\copaApp\backend\vendor\laravel\framework\src\Illuminate\Pipeline\Pipeline.php:185-216}($passable = class Illuminate\Http\Request { public Symfony\Component\HttpFoundation\ParameterBag $attributes = class Symfony\Component\HttpFoundation\ParameterBag { protected array $parameters = [...] }; public Symfony\Component\HttpFoundation\InputBag $request = class Symfony\Component\HttpFoundation\InputBag { protected array $parameters = [...] }; public Symfony\Component\HttpFoundation\InputBag $query = class Symfony\Component\HttpFoundation\InputBag { protected array $parameters = [...] }; public Symfony\Component\HttpFoundation\ServerBag $server = class Symfony\Component\HttpFoundation\ServerBag { protected array $parameters = [...] }; public Symfony\Component\HttpFoundation\FileBag $files = class Symfony\Component\HttpFoundation\FileBag { protected array $parameters = [...] }; public Symfony\Component\HttpFoundation\InputBag $cookies = class Symfony\Component\HttpFoundation\InputBag { protected array $parameters = [...] }; public Symfony\Component\HttpFoundation\HeaderBag $headers = class Symfony\Component\HttpFoundation\HeaderBag { protected array $headers = [...]; protected array $cacheControl = [...] }; protected $content = '[]'; protected ?array $languages = NULL; protected ?array $charsets = NULL; protected ?array $encodings = NULL; protected ?array $acceptableContentTypes = NULL; protected ?string $pathInfo = '/api/players'; protected ?string $requestUri = '/api/players'; protected ?string $baseUrl = ''; protected ?string $basePath = NULL; protected ?string $method = 'GET'; protected ?string $format = NULL; protected Symfony\Component\HttpFoundation\Session\SessionInterface|Closure|null $session = NULL; protected ?string $locale = NULL; protected string $defaultLocale = 'en'; private ?string ${Symfony\Component\HttpFoundation\Request}preferredFormat = NULL; private bool ${Symfony\Component\HttpFoundation\Request}isHostValid = TRUE; private bool ${Symfony\Component\HttpFoundation\Request}isForwardedValid = TRUE; private bool ${Symfony\Component\HttpFoundation\Request}isSafeContentPreferred = *uninitialized*; private array ${Symfony\Component\HttpFoundation\Request}trustedValuesCache = []; private bool ${Symfony\Component\HttpFoundation\Request}isIisRewrite = FALSE; protected $json = class Symfony\Component\HttpFoundation\InputBag { protected array $parameters = [...] }; protected $convertedFiles = NULL; protected $userResolver = class Closure { public $static = [...]; public $this = class Illuminate\Auth\AuthServiceProvider { ... }; public $parameter = [...] }; protected $routeResolver = class Closure { public $static = [...]; public $this = class Illuminate\Routing\Router { ... } } }) C:\copaApp\backend\vendor\laravel\framework\src\Illuminate\Foundation\Http\Middleware\PreventRequestsDuringMaintenance.php:110
    1.4050   38572008  26. Illuminate\Http\Middleware\ValidatePostSize->handle($request = class Illuminate\Http\Request { public Symfony\Component\HttpFoundation\ParameterBag $attributes = class Symfony\Component\HttpFoundation\ParameterBag { protected array $parameters = [...] }; public Symfony\Component\HttpFoundation\InputBag $request = class Symfony\Component\HttpFoundation\InputBag { protected array $parameters = [...] }; public Symfony\Component\HttpFoundation\InputBag $query = class Symfony\Component\HttpFoundation\InputBag { protected array $parameters = [...] }; public Symfony\Component\HttpFoundation\ServerBag $server = class Symfony\Component\HttpFoundation\ServerBag { protected array $parameters = [...] }; public Symfony\Component\HttpFoundation\FileBag $files = class Symfony\Component\HttpFoundation\FileBag { protected array $parameters = [...] }; public Symfony\Component\HttpFoundation\InputBag $cookies = class Symfony\Component\HttpFoundation\InputBag { protected array $parameters = [...] }; public Symfony\Component\HttpFoundation\HeaderBag $headers = class Symfony\Component\HttpFoundation\HeaderBag { protected array $headers = [...]; protected array $cacheControl = [...] }; protected $content = '[]'; protected ?array $languages = NULL; protected ?array $charsets = NULL; protected ?array $encodings = NULL; protected ?array $acceptableContentTypes = NULL; protected ?string $pathInfo = '/api/players'; protected ?string $requestUri = '/api/players'; protected ?string $baseUrl = ''; protected ?string $basePath = NULL; protected ?string $method = 'GET'; protected ?string $format = NULL; protected Symfony\Component\HttpFoundation\Session\SessionInterface|Closure|null $session = NULL; protected ?string $locale = NULL; protected string $defaultLocale = 'en'; private ?string ${Symfony\Component\HttpFoundation\Request}preferredFormat = NULL; private bool ${Symfony\Component\HttpFoundation\Request}isHostValid = TRUE; private bool ${Symfony\Component\HttpFoundation\Request}isForwardedValid = TRUE; private bool ${Symfony\Component\HttpFoundation\Request}isSafeContentPreferred = *uninitialized*; private array ${Symfony\Component\HttpFoundation\Request}trustedValuesCache = []; private bool ${Symfony\Component\HttpFoundation\Request}isIisRewrite = FALSE; protected $json = class Symfony\Component\HttpFoundation\InputBag { protected array $parameters = [...] }; protected $convertedFiles = NULL; protected $userResolver = class Closure { public $static = [...]; public $this = class Illuminate\Auth\AuthServiceProvider { ... }; public $parameter = [...] }; protected $routeResolver = class Closure { public $static = [...]; public $this = class Illuminate\Routing\Router { ... } } }, $next = class Closure { public $static = ['stack' => class Closure { ... }, 'pipe' => 'Illuminate\\Foundation\\Http\\Middleware\\TrimStrings']; public $this = class Illuminate\Routing\Pipeline { protected $container = class Illuminate\Foundation\Application { ... }; protected $passable = class Illuminate\Http\Request { ... }; protected $pipes = [...]; protected $method = 'handle'; protected $finally = NULL }; public $parameter = ['$passable' => '<required>'] }) C:\copaApp\backend\vendor\laravel\framework\src\Illuminate\Pipeline\Pipeline.php:209
    1.4050   38572008  27. Illuminate\Pipeline\Pipeline->Illuminate\Pipeline\{closure:C:\copaApp\backend\vendor\laravel\framework\src\Illuminate\Pipeline\Pipeline.php:185-216}($passable = class Illuminate\Http\Request { public Symfony\Component\HttpFoundation\ParameterBag $attributes = class Symfony\Component\HttpFoundation\ParameterBag { protected array $parameters = [...] }; public Symfony\Component\HttpFoundation\InputBag $request = class Symfony\Component\HttpFoundation\InputBag { protected array $parameters = [...] }; public Symfony\Component\HttpFoundation\InputBag $query = class Symfony\Component\HttpFoundation\InputBag { protected array $parameters = [...] }; public Symfony\Component\HttpFoundation\ServerBag $server = class Symfony\Component\HttpFoundation\ServerBag { protected array $parameters = [...] }; public Symfony\Component\HttpFoundation\FileBag $files = class Symfony\Component\HttpFoundation\FileBag { protected array $parameters = [...] }; public Symfony\Component\HttpFoundation\InputBag $cookies = class Symfony\Component\HttpFoundation\InputBag { protected array $parameters = [...] }; public Symfony\Component\HttpFoundation\HeaderBag $headers = class Symfony\Component\HttpFoundation\HeaderBag { protected array $headers = [...]; protected array $cacheControl = [...] }; protected $content = '[]'; protected ?array $languages = NULL; protected ?array $charsets = NULL; protected ?array $encodings = NULL; protected ?array $acceptableContentTypes = NULL; protected ?string $pathInfo = '/api/players'; protected ?string $requestUri = '/api/players'; protected ?string $baseUrl = ''; protected ?string $basePath = NULL; protected ?string $method = 'GET'; protected ?string $format = NULL; protected Symfony\Component\HttpFoundation\Session\SessionInterface|Closure|null $session = NULL; protected ?string $locale = NULL; protected string $defaultLocale = 'en'; private ?string ${Symfony\Component\HttpFoundation\Request}preferredFormat = NULL; private bool ${Symfony\Component\HttpFoundation\Request}isHostValid = TRUE; private bool ${Symfony\Component\HttpFoundation\Request}isForwardedValid = TRUE; private bool ${Symfony\Component\HttpFoundation\Request}isSafeContentPreferred = *uninitialized*; private array ${Symfony\Component\HttpFoundation\Request}trustedValuesCache = []; private bool ${Symfony\Component\HttpFoundation\Request}isIisRewrite = FALSE; protected $json = class Symfony\Component\HttpFoundation\InputBag { protected array $parameters = [...] }; protected $convertedFiles = NULL; protected $userResolver = class Closure { public $static = [...]; public $this = class Illuminate\Auth\AuthServiceProvider { ... }; public $parameter = [...] }; protected $routeResolver = class Closure { public $static = [...]; public $this = class Illuminate\Routing\Router { ... } } }) C:\copaApp\backend\vendor\laravel\framework\src\Illuminate\Http\Middleware\ValidatePostSize.php:27
    1.4054   38678616  28. Illuminate\Foundation\Http\Middleware\TrimStrings->handle($request = class Illuminate\Http\Request { public Symfony\Component\HttpFoundation\ParameterBag $attributes = class Symfony\Component\HttpFoundation\ParameterBag { protected array $parameters = [...] }; public Symfony\Component\HttpFoundation\InputBag $request = class Symfony\Component\HttpFoundation\InputBag { protected array $parameters = [...] }; public Symfony\Component\HttpFoundation\InputBag $query = class Symfony\Component\HttpFoundation\InputBag { protected array $parameters = [...] }; public Symfony\Component\HttpFoundation\ServerBag $server = class Symfony\Component\HttpFoundation\ServerBag { protected array $parameters = [...] }; public Symfony\Component\HttpFoundation\FileBag $files = class Symfony\Component\HttpFoundation\FileBag { protected array $parameters = [...] }; public Symfony\Component\HttpFoundation\InputBag $cookies = class Symfony\Component\HttpFoundation\InputBag { protected array $parameters = [...] }; public Symfony\Component\HttpFoundation\HeaderBag $headers = class Symfony\Component\HttpFoundation\HeaderBag { protected array $headers = [...]; protected array $cacheControl = [...] }; protected $content = '[]'; protected ?array $languages = NULL; protected ?array $charsets = NULL; protected ?array $encodings = NULL; protected ?array $acceptableContentTypes = NULL; protected ?string $pathInfo = '/api/players'; protected ?string $requestUri = '/api/players'; protected ?string $baseUrl = ''; protected ?string $basePath = NULL; protected ?string $method = 'GET'; protected ?string $format = NULL; protected Symfony\Component\HttpFoundation\Session\SessionInterface|Closure|null $session = NULL; protected ?string $locale = NULL; protected string $defaultLocale = 'en'; private ?string ${Symfony\Component\HttpFoundation\Request}preferredFormat = NULL; private bool ${Symfony\Component\HttpFoundation\Request}isHostValid = TRUE; private bool ${Symfony\Component\HttpFoundation\Request}isForwardedValid = TRUE; private bool ${Symfony\Component\HttpFoundation\Request}isSafeContentPreferred = *uninitialized*; private array ${Symfony\Component\HttpFoundation\Request}trustedValuesCache = []; private bool ${Symfony\Component\HttpFoundation\Request}isIisRewrite = FALSE; protected $json = class Symfony\Component\HttpFoundation\InputBag { protected array $parameters = [...] }; protected $convertedFiles = NULL; protected $userResolver = class Closure { public $static = [...]; public $this = class Illuminate\Auth\AuthServiceProvider { ... }; public $parameter = [...] }; protected $routeResolver = class Closure { public $static = [...]; public $this = class Illuminate\Routing\Router { ... } } }, $next = class Closure { public $static = ['stack' => class Closure { ... }, 'pipe' => 'Illuminate\\Foundation\\Http\\Middleware\\ConvertEmptyStringsToNull']; public $this = class Illuminate\Routing\Pipeline { protected $container = class Illuminate\Foundation\Application { ... }; protected $passable = class Illuminate\Http\Request { ... }; protected $pipes = [...]; protected $method = 'handle'; protected $finally = NULL }; public $parameter = ['$passable' => '<required>'] }) C:\copaApp\backend\vendor\laravel\framework\src\Illuminate\Pipeline\Pipeline.php:209
    1.4054   38678648  29. Illuminate\Foundation\Http\Middleware\TransformsRequest->handle($request = class Illuminate\Http\Request { public Symfony\Component\HttpFoundation\ParameterBag $attributes = class Symfony\Component\HttpFoundation\ParameterBag { protected array $parameters = [...] }; public Symfony\Component\HttpFoundation\InputBag $request = class Symfony\Component\HttpFoundation\InputBag { protected array $parameters = [...] }; public Symfony\Component\HttpFoundation\InputBag $query = class Symfony\Component\HttpFoundation\InputBag { protected array $parameters = [...] }; public Symfony\Component\HttpFoundation\ServerBag $server = class Symfony\Component\HttpFoundation\ServerBag { protected array $parameters = [...] }; public Symfony\Component\HttpFoundation\FileBag $files = class Symfony\Component\HttpFoundation\FileBag { protected array $parameters = [...] }; public Symfony\Component\HttpFoundation\InputBag $cookies = class Symfony\Component\HttpFoundation\InputBag { protected array $parameters = [...] }; public Symfony\Component\HttpFoundation\HeaderBag $headers = class Symfony\Component\HttpFoundation\HeaderBag { protected array $headers = [...]; protected array $cacheControl = [...] }; protected $content = '[]'; protected ?array $languages = NULL; protected ?array $charsets = NULL; protected ?array $encodings = NULL; protected ?array $acceptableContentTypes = NULL; protected ?string $pathInfo = '/api/players'; protected ?string $requestUri = '/api/players'; protected ?string $baseUrl = ''; protected ?string $basePath = NULL; protected ?string $method = 'GET'; protected ?string $format = NULL; protected Symfony\Component\HttpFoundation\Session\SessionInterface|Closure|null $session = NULL; protected ?string $locale = NULL; protected string $defaultLocale = 'en'; private ?string ${Symfony\Component\HttpFoundation\Request}preferredFormat = NULL; private bool ${Symfony\Component\HttpFoundation\Request}isHostValid = TRUE; private bool ${Symfony\Component\HttpFoundation\Request}isForwardedValid = TRUE; private bool ${Symfony\Component\HttpFoundation\Request}isSafeContentPreferred = *uninitialized*; private array ${Symfony\Component\HttpFoundation\Request}trustedValuesCache = []; private bool ${Symfony\Component\HttpFoundation\Request}isIisRewrite = FALSE; protected $json = class Symfony\Component\HttpFoundation\InputBag { protected array $parameters = [...] }; protected $convertedFiles = NULL; protected $userResolver = class Closure { public $static = [...]; public $this = class Illuminate\Auth\AuthServiceProvider { ... }; public $parameter = [...] }; protected $routeResolver = class Closure { public $static = [...]; public $this = class Illuminate\Routing\Router { ... } } }, $next = class Closure { public $static = ['stack' => class Closure { ... }, 'pipe' => 'Illuminate\\Foundation\\Http\\Middleware\\ConvertEmptyStringsToNull']; public $this = class Illuminate\Routing\Pipeline { protected $container = class Illuminate\Foundation\Application { ... }; protected $passable = class Illuminate\Http\Request { ... }; protected $pipes = [...]; protected $method = 'handle'; protected $finally = NULL }; public $parameter = ['$passable' => '<required>'] }) C:\copaApp\backend\vendor\laravel\framework\src\Illuminate\Foundation\Http\Middleware\TrimStrings.php:51
    1.4055   38678648  30. Illuminate\Pipeline\Pipeline->Illuminate\Pipeline\{closure:C:\copaApp\backend\vendor\laravel\framework\src\Illuminate\Pipeline\Pipeline.php:185-216}($passable = class Illuminate\Http\Request { public Symfony\Component\HttpFoundation\ParameterBag $attributes = class Symfony\Component\HttpFoundation\ParameterBag { protected array $parameters = [...] }; public Symfony\Component\HttpFoundation\InputBag $request = class Symfony\Component\HttpFoundation\InputBag { protected array $parameters = [...] }; public Symfony\Component\HttpFoundation\InputBag $query = class Symfony\Component\HttpFoundation\InputBag { protected array $parameters = [...] }; public Symfony\Component\HttpFoundation\ServerBag $server = class Symfony\Component\HttpFoundation\ServerBag { protected array $parameters = [...] }; public Symfony\Component\HttpFoundation\FileBag $files = class Symfony\Component\HttpFoundation\FileBag { protected array $parameters = [...] }; public Symfony\Component\HttpFoundation\InputBag $cookies = class Symfony\Component\HttpFoundation\InputBag { protected array $parameters = [...] }; public Symfony\Component\HttpFoundation\HeaderBag $headers = class Symfony\Component\HttpFoundation\HeaderBag { protected array $headers = [...]; protected array $cacheControl = [...] }; protected $content = '[]'; protected ?array $languages = NULL; protected ?array $charsets = NULL; protected ?array $encodings = NULL; protected ?array $acceptableContentTypes = NULL; protected ?string $pathInfo = '/api/players'; protected ?string $requestUri = '/api/players'; protected ?string $baseUrl = ''; protected ?string $basePath = NULL; protected ?string $method = 'GET'; protected ?string $format = NULL; protected Symfony\Component\HttpFoundation\Session\SessionInterface|Closure|null $session = NULL; protected ?string $locale = NULL; protected string $defaultLocale = 'en'; private ?string ${Symfony\Component\HttpFoundation\Request}preferredFormat = NULL; private bool ${Symfony\Component\HttpFoundation\Request}isHostValid = TRUE; private bool ${Symfony\Component\HttpFoundation\Request}isForwardedValid = TRUE; private bool ${Symfony\Component\HttpFoundation\Request}isSafeContentPreferred = *uninitialized*; private array ${Symfony\Component\HttpFoundation\Request}trustedValuesCache = []; private bool ${Symfony\Component\HttpFoundation\Request}isIisRewrite = FALSE; protected $json = class Symfony\Component\HttpFoundation\InputBag { protected array $parameters = [...] }; protected $convertedFiles = NULL; protected $userResolver = class Closure { public $static = [...]; public $this = class Illuminate\Auth\AuthServiceProvider { ... }; public $parameter = [...] }; protected $routeResolver = class Closure { public $static = [...]; public $this = class Illuminate\Routing\Router { ... } } }) C:\copaApp\backend\vendor\laravel\framework\src\Illuminate\Foundation\Http\Middleware\TransformsRequest.php:21
    1.4057   38683336  31. Illuminate\Foundation\Http\Middleware\ConvertEmptyStringsToNull->handle($request = class Illuminate\Http\Request { public Symfony\Component\HttpFoundation\ParameterBag $attributes = class Symfony\Component\HttpFoundation\ParameterBag { protected array $parameters = [...] }; public Symfony\Component\HttpFoundation\InputBag $request = class Symfony\Component\HttpFoundation\InputBag { protected array $parameters = [...] }; public Symfony\Component\HttpFoundation\InputBag $query = class Symfony\Component\HttpFoundation\InputBag { protected array $parameters = [...] }; public Symfony\Component\HttpFoundation\ServerBag $server = class Symfony\Component\HttpFoundation\ServerBag { protected array $parameters = [...] }; public Symfony\Component\HttpFoundation\FileBag $files = class Symfony\Component\HttpFoundation\FileBag { protected array $parameters = [...] }; public Symfony\Component\HttpFoundation\InputBag $cookies = class Symfony\Component\HttpFoundation\InputBag { protected array $parameters = [...] }; public Symfony\Component\HttpFoundation\HeaderBag $headers = class Symfony\Component\HttpFoundation\HeaderBag { protected array $headers = [...]; protected array $cacheControl = [...] }; protected $content = '[]'; protected ?array $languages = NULL; protected ?array $charsets = NULL; protected ?array $encodings = NULL; protected ?array $acceptableContentTypes = NULL; protected ?string $pathInfo = '/api/players'; protected ?string $requestUri = '/api/players'; protected ?string $baseUrl = ''; protected ?string $basePath = NULL; protected ?string $method = 'GET'; protected ?string $format = NULL; protected Symfony\Component\HttpFoundation\Session\SessionInterface|Closure|null $session = NULL; protected ?string $locale = NULL; protected string $defaultLocale = 'en'; private ?string ${Symfony\Component\HttpFoundation\Request}preferredFormat = NULL; private bool ${Symfony\Component\HttpFoundation\Request}isHostValid = TRUE; private bool ${Symfony\Component\HttpFoundation\Request}isForwardedValid = TRUE; private bool ${Symfony\Component\HttpFoundation\Request}isSafeContentPreferred = *uninitialized*; private array ${Symfony\Component\HttpFoundation\Request}trustedValuesCache = []; private bool ${Symfony\Component\HttpFoundation\Request}isIisRewrite = FALSE; protected $json = class Symfony\Component\HttpFoundation\InputBag { protected array $parameters = [...] }; protected $convertedFiles = NULL; protected $userResolver = class Closure { public $static = [...]; public $this = class Illuminate\Auth\AuthServiceProvider { ... }; public $parameter = [...] }; protected $routeResolver = class Closure { public $static = [...]; public $this = class Illuminate\Routing\Router { ... } } }, $next = class Closure { public $static = ['destination' => class Closure { ... }]; public $this = class Illuminate\Routing\Pipeline { protected $container = class Illuminate\Foundation\Application { ... }; protected $passable = class Illuminate\Http\Request { ... }; protected $pipes = [...]; protected $method = 'handle'; protected $finally = NULL }; public $parameter = ['$passable' => '<required>'] }) C:\copaApp\backend\vendor\laravel\framework\src\Illuminate\Pipeline\Pipeline.php:209
    1.4057   38683352  32. Illuminate\Foundation\Http\Middleware\TransformsRequest->handle($request = class Illuminate\Http\Request { public Symfony\Component\HttpFoundation\ParameterBag $attributes = class Symfony\Component\HttpFoundation\ParameterBag { protected array $parameters = [...] }; public Symfony\Component\HttpFoundation\InputBag $request = class Symfony\Component\HttpFoundation\InputBag { protected array $parameters = [...] }; public Symfony\Component\HttpFoundation\InputBag $query = class Symfony\Component\HttpFoundation\InputBag { protected array $parameters = [...] }; public Symfony\Component\HttpFoundation\ServerBag $server = class Symfony\Component\HttpFoundation\ServerBag { protected array $parameters = [...] }; public Symfony\Component\HttpFoundation\FileBag $files = class Symfony\Component\HttpFoundation\FileBag { protected array $parameters = [...] }; public Symfony\Component\HttpFoundation\InputBag $cookies = class Symfony\Component\HttpFoundation\InputBag { protected array $parameters = [...] }; public Symfony\Component\HttpFoundation\HeaderBag $headers = class Symfony\Component\HttpFoundation\HeaderBag { protected array $headers = [...]; protected array $cacheControl = [...] }; protected $content = '[]'; protected ?array $languages = NULL; protected ?array $charsets = NULL; protected ?array $encodings = NULL; protected ?array $acceptableContentTypes = NULL; protected ?string $pathInfo = '/api/players'; protected ?string $requestUri = '/api/players'; protected ?string $baseUrl = ''; protected ?string $basePath = NULL; protected ?string $method = 'GET'; protected ?string $format = NULL; protected Symfony\Component\HttpFoundation\Session\SessionInterface|Closure|null $session = NULL; protected ?string $locale = NULL; protected string $defaultLocale = 'en'; private ?string ${Symfony\Component\HttpFoundation\Request}preferredFormat = NULL; private bool ${Symfony\Component\HttpFoundation\Request}isHostValid = TRUE; private bool ${Symfony\Component\HttpFoundation\Request}isForwardedValid = TRUE; private bool ${Symfony\Component\HttpFoundation\Request}isSafeContentPreferred = *uninitialized*; private array ${Symfony\Component\HttpFoundation\Request}trustedValuesCache = []; private bool ${Symfony\Component\HttpFoundation\Request}isIisRewrite = FALSE; protected $json = class Symfony\Component\HttpFoundation\InputBag { protected array $parameters = [...] }; protected $convertedFiles = NULL; protected $userResolver = class Closure { public $static = [...]; public $this = class Illuminate\Auth\AuthServiceProvider { ... }; public $parameter = [...] }; protected $routeResolver = class Closure { public $static = [...]; public $this = class Illuminate\Routing\Router { ... } } }, $next = class Closure { public $static = ['destination' => class Closure { ... }]; public $this = class Illuminate\Routing\Pipeline { protected $container = class Illuminate\Foundation\Application { ... }; protected $passable = class Illuminate\Http\Request { ... }; protected $pipes = [...]; protected $method = 'handle'; protected $finally = NULL }; public $parameter = ['$passable' => '<required>'] }) C:\copaApp\backend\vendor\laravel\framework\src\Illuminate\Foundation\Http\Middleware\ConvertEmptyStringsToNull.php:31
    1.4057   38683352  33. Illuminate\Pipeline\Pipeline->Illuminate\Pipeline\{closure:C:\copaApp\backend\vendor\laravel\framework\src\Illuminate\Pipeline\Pipeline.php:168-174}($passable = class Illuminate\Http\Request { public Symfony\Component\HttpFoundation\ParameterBag $attributes = class Symfony\Component\HttpFoundation\ParameterBag { protected array $parameters = [...] }; public Symfony\Component\HttpFoundation\InputBag $request = class Symfony\Component\HttpFoundation\InputBag { protected array $parameters = [...] }; public Symfony\Component\HttpFoundation\InputBag $query = class Symfony\Component\HttpFoundation\InputBag { protected array $parameters = [...] }; public Symfony\Component\HttpFoundation\ServerBag $server = class Symfony\Component\HttpFoundation\ServerBag { protected array $parameters = [...] }; public Symfony\Component\HttpFoundation\FileBag $files = class Symfony\Component\HttpFoundation\FileBag { protected array $parameters = [...] }; public Symfony\Component\HttpFoundation\InputBag $cookies = class Symfony\Component\HttpFoundation\InputBag { protected array $parameters = [...] }; public Symfony\Component\HttpFoundation\HeaderBag $headers = class Symfony\Component\HttpFoundation\HeaderBag { protected array $headers = [...]; protected array $cacheControl = [...] }; protected $content = '[]'; protected ?array $languages = NULL; protected ?array $charsets = NULL; protected ?array $encodings = NULL; protected ?array $acceptableContentTypes = NULL; protected ?string $pathInfo = '/api/players'; protected ?string $requestUri = '/api/players'; protected ?string $baseUrl = ''; protected ?string $basePath = NULL; protected ?string $method = 'GET'; protected ?string $format = NULL; protected Symfony\Component\HttpFoundation\Session\SessionInterface|Closure|null $session = NULL; protected ?string $locale = NULL; protected string $defaultLocale = 'en'; private ?string ${Symfony\Component\HttpFoundation\Request}preferredFormat = NULL; private bool ${Symfony\Component\HttpFoundation\Request}isHostValid = TRUE; private bool ${Symfony\Component\HttpFoundation\Request}isForwardedValid = TRUE; private bool ${Symfony\Component\HttpFoundation\Request}isSafeContentPreferred = *uninitialized*; private array ${Symfony\Component\HttpFoundation\Request}trustedValuesCache = []; private bool ${Symfony\Component\HttpFoundation\Request}isIisRewrite = FALSE; protected $json = class Symfony\Component\HttpFoundation\InputBag { protected array $parameters = [...] }; protected $convertedFiles = NULL; protected $userResolver = class Closure { public $static = [...]; public $this = class Illuminate\Auth\AuthServiceProvider { ... }; public $parameter = [...] }; protected $routeResolver = class Closure { public $static = [...]; public $this = class Illuminate\Routing\Router { ... } } }) C:\copaApp\backend\vendor\laravel\framework\src\Illuminate\Foundation\Http\Middleware\TransformsRequest.php:21
    1.4057   38683512  34. Illuminate\Foundation\Http\Kernel->Illuminate\Foundation\Http\{closure:C:\copaApp\backend\vendor\laravel\framework\src\Illuminate\Foundation\Http\Kernel.php:198-202}($request = class Illuminate\Http\Request { public Symfony\Component\HttpFoundation\ParameterBag $attributes = class Symfony\Component\HttpFoundation\ParameterBag { protected array $parameters = [...] }; public Symfony\Component\HttpFoundation\InputBag $request = class Symfony\Component\HttpFoundation\InputBag { protected array $parameters = [...] }; public Symfony\Component\HttpFoundation\InputBag $query = class Symfony\Component\HttpFoundation\InputBag { protected array $parameters = [...] }; public Symfony\Component\HttpFoundation\ServerBag $server = class Symfony\Component\HttpFoundation\ServerBag { protected array $parameters = [...] }; public Symfony\Component\HttpFoundation\FileBag $files = class Symfony\Component\HttpFoundation\FileBag { protected array $parameters = [...] }; public Symfony\Component\HttpFoundation\InputBag $cookies = class Symfony\Component\HttpFoundation\InputBag { protected array $parameters = [...] }; public Symfony\Component\HttpFoundation\HeaderBag $headers = class Symfony\Component\HttpFoundation\HeaderBag { protected array $headers = [...]; protected array $cacheControl = [...] }; protected $content = '[]'; protected ?array $languages = NULL; protected ?array $charsets = NULL; protected ?array $encodings = NULL; protected ?array $acceptableContentTypes = NULL; protected ?string $pathInfo = '/api/players'; protected ?string $requestUri = '/api/players'; protected ?string $baseUrl = ''; protected ?string $basePath = NULL; protected ?string $method = 'GET'; protected ?string $format = NULL; protected Symfony\Component\HttpFoundation\Session\SessionInterface|Closure|null $session = NULL; protected ?string $locale = NULL; protected string $defaultLocale = 'en'; private ?string ${Symfony\Component\HttpFoundation\Request}preferredFormat = NULL; private bool ${Symfony\Component\HttpFoundation\Request}isHostValid = TRUE; private bool ${Symfony\Component\HttpFoundation\Request}isForwardedValid = TRUE; private bool ${Symfony\Component\HttpFoundation\Request}isSafeContentPreferred = *uninitialized*; private array ${Symfony\Component\HttpFoundation\Request}trustedValuesCache = []; private bool ${Symfony\Component\HttpFoundation\Request}isIisRewrite = FALSE; protected $json = class Symfony\Component\HttpFoundation\InputBag { protected array $parameters = [...] }; protected $convertedFiles = NULL; protected $userResolver = class Closure { public $static = [...]; public $this = class Illuminate\Auth\AuthServiceProvider { ... }; public $parameter = [...] }; protected $routeResolver = class Closure { public $static = [...]; public $this = class Illuminate\Routing\Router { ... } } }) C:\copaApp\backend\vendor\laravel\framework\src\Illuminate\Pipeline\Pipeline.php:170
    1.4057   38683672  35. Illuminate\Routing\Router->dispatch($request = class Illuminate\Http\Request { public Symfony\Component\HttpFoundation\ParameterBag $attributes = class Symfony\Component\HttpFoundation\ParameterBag { protected array $parameters = [...] }; public Symfony\Component\HttpFoundation\InputBag $request = class Symfony\Component\HttpFoundation\InputBag { protected array $parameters = [...] }; public Symfony\Component\HttpFoundation\InputBag $query = class Symfony\Component\HttpFoundation\InputBag { protected array $parameters = [...] }; public Symfony\Component\HttpFoundation\ServerBag $server = class Symfony\Component\HttpFoundation\ServerBag { protected array $parameters = [...] }; public Symfony\Component\HttpFoundation\FileBag $files = class Symfony\Component\HttpFoundation\FileBag { protected array $parameters = [...] }; public Symfony\Component\HttpFoundation\InputBag $cookies = class Symfony\Component\HttpFoundation\InputBag { protected array $parameters = [...] }; public Symfony\Component\HttpFoundation\HeaderBag $headers = class Symfony\Component\HttpFoundation\HeaderBag { protected array $headers = [...]; protected array $cacheControl = [...] }; protected $content = '[]'; protected ?array $languages = NULL; protected ?array $charsets = NULL; protected ?array $encodings = NULL; protected ?array $acceptableContentTypes = NULL; protected ?string $pathInfo = '/api/players'; protected ?string $requestUri = '/api/players'; protected ?string $baseUrl = ''; protected ?string $basePath = NULL; protected ?string $method = 'GET'; protected ?string $format = NULL; protected Symfony\Component\HttpFoundation\Session\SessionInterface|Closure|null $session = NULL; protected ?string $locale = NULL; protected string $defaultLocale = 'en'; private ?string ${Symfony\Component\HttpFoundation\Request}preferredFormat = NULL; private bool ${Symfony\Component\HttpFoundation\Request}isHostValid = TRUE; private bool ${Symfony\Component\HttpFoundation\Request}isForwardedValid = TRUE; private bool ${Symfony\Component\HttpFoundation\Request}isSafeContentPreferred = *uninitialized*; private array ${Symfony\Component\HttpFoundation\Request}trustedValuesCache = []; private bool ${Symfony\Component\HttpFoundation\Request}isIisRewrite = FALSE; protected $json = class Symfony\Component\HttpFoundation\InputBag { protected array $parameters = [...] }; protected $convertedFiles = NULL; protected $userResolver = class Closure { public $static = [...]; public $this = class Illuminate\Auth\AuthServiceProvider { ... }; public $parameter = [...] }; protected $routeResolver = class Closure { public $static = [...]; public $this = class Illuminate\Routing\Router { ... } } }) C:\copaApp\backend\vendor\laravel\framework\src\Illuminate\Foundation\Http\Kernel.php:201
    1.4057   38683672  36. Illuminate\Routing\Router->dispatchToRoute($request = class Illuminate\Http\Request { public Symfony\Component\HttpFoundation\ParameterBag $attributes = class Symfony\Component\HttpFoundation\ParameterBag { protected array $parameters = [...] }; public Symfony\Component\HttpFoundation\InputBag $request = class Symfony\Component\HttpFoundation\InputBag { protected array $parameters = [...] }; public Symfony\Component\HttpFoundation\InputBag $query = class Symfony\Component\HttpFoundation\InputBag { protected array $parameters = [...] }; public Symfony\Component\HttpFoundation\ServerBag $server = class Symfony\Component\HttpFoundation\ServerBag { protected array $parameters = [...] }; public Symfony\Component\HttpFoundation\FileBag $files = class Symfony\Component\HttpFoundation\FileBag { protected array $parameters = [...] }; public Symfony\Component\HttpFoundation\InputBag $cookies = class Symfony\Component\HttpFoundation\InputBag { protected array $parameters = [...] }; public Symfony\Component\HttpFoundation\HeaderBag $headers = class Symfony\Component\HttpFoundation\HeaderBag { protected array $headers = [...]; protected array $cacheControl = [...] }; protected $content = '[]'; protected ?array $languages = NULL; protected ?array $charsets = NULL; protected ?array $encodings = NULL; protected ?array $acceptableContentTypes = NULL; protected ?string $pathInfo = '/api/players'; protected ?string $requestUri = '/api/players'; protected ?string $baseUrl = ''; protected ?string $basePath = NULL; protected ?string $method = 'GET'; protected ?string $format = NULL; protected Symfony\Component\HttpFoundation\Session\SessionInterface|Closure|null $session = NULL; protected ?string $locale = NULL; protected string $defaultLocale = 'en'; private ?string ${Symfony\Component\HttpFoundation\Request}preferredFormat = NULL; private bool ${Symfony\Component\HttpFoundation\Request}isHostValid = TRUE; private bool ${Symfony\Component\HttpFoundation\Request}isForwardedValid = TRUE; private bool ${Symfony\Component\HttpFoundation\Request}isSafeContentPreferred = *uninitialized*; private array ${Symfony\Component\HttpFoundation\Request}trustedValuesCache = []; private bool ${Symfony\Component\HttpFoundation\Request}isIisRewrite = FALSE; protected $json = class Symfony\Component\HttpFoundation\InputBag { protected array $parameters = [...] }; protected $convertedFiles = NULL; protected $userResolver = class Closure { public $static = [...]; public $this = class Illuminate\Auth\AuthServiceProvider { ... }; public $parameter = [...] }; protected $routeResolver = class Closure { public $static = [...]; public $this = class Illuminate\Routing\Router { ... } } }) C:\copaApp\backend\vendor\laravel\framework\src\Illuminate\Routing\Router.php:739
    1.4092   38827784  37. Illuminate\Routing\Router->runRoute($request = class Illuminate\Http\Request { public Symfony\Component\HttpFoundation\ParameterBag $attributes = class Symfony\Component\HttpFoundation\ParameterBag { protected array $parameters = [...] }; public Symfony\Component\HttpFoundation\InputBag $request = class Symfony\Component\HttpFoundation\InputBag { protected array $parameters = [...] }; public Symfony\Component\HttpFoundation\InputBag $query = class Symfony\Component\HttpFoundation\InputBag { protected array $parameters = [...] }; public Symfony\Component\HttpFoundation\ServerBag $server = class Symfony\Component\HttpFoundation\ServerBag { protected array $parameters = [...] }; public Symfony\Component\HttpFoundation\FileBag $files = class Symfony\Component\HttpFoundation\FileBag { protected array $parameters = [...] }; public Symfony\Component\HttpFoundation\InputBag $cookies = class Symfony\Component\HttpFoundation\InputBag { protected array $parameters = [...] }; public Symfony\Component\HttpFoundation\HeaderBag $headers = class Symfony\Component\HttpFoundation\HeaderBag { protected array $headers = [...]; protected array $cacheControl = [...] }; protected $content = '[]'; protected ?array $languages = NULL; protected ?array $charsets = NULL; protected ?array $encodings = NULL; protected ?array $acceptableContentTypes = NULL; protected ?string $pathInfo = '/api/players'; protected ?string $requestUri = '/api/players'; protected ?string $baseUrl = ''; protected ?string $basePath = NULL; protected ?string $method = 'GET'; protected ?string $format = NULL; protected Symfony\Component\HttpFoundation\Session\SessionInterface|Closure|null $session = NULL; protected ?string $locale = NULL; protected string $defaultLocale = 'en'; private ?string ${Symfony\Component\HttpFoundation\Request}preferredFormat = NULL; private bool ${Symfony\Component\HttpFoundation\Request}isHostValid = TRUE; private bool ${Symfony\Component\HttpFoundation\Request}isForwardedValid = TRUE; private bool ${Symfony\Component\HttpFoundation\Request}isSafeContentPreferred = *uninitialized*; private array ${Symfony\Component\HttpFoundation\Request}trustedValuesCache = []; private bool ${Symfony\Component\HttpFoundation\Request}isIisRewrite = FALSE; protected $json = class Symfony\Component\HttpFoundation\InputBag { protected array $parameters = [...] }; protected $convertedFiles = NULL; protected $userResolver = class Closure { public $static = [...]; public $this = class Illuminate\Auth\AuthServiceProvider { ... }; public $parameter = [...] }; protected $routeResolver = class Closure { public $static = [...]; public $this = class Illuminate\Routing\Router { ... } } }, $route = class Illuminate\Routing\Route { public $uri = 'api/players'; public $methods = [0 => 'GET', 1 => 'HEAD']; public $action = ['middleware' => [...], 'uses' => 'App\\Http\\Controllers\\PlayerController@index', 'controller' => 'App\\Http\\Controllers\\PlayerController@index', 'namespace' => NULL, 'prefix' => 'api', 'where' => [...]]; public $isFallback = FALSE; public $controller = NULL; public $defaults = []; public $wheres = []; public $parameters = []; public $parameterNames = []; protected $originalParameters = []; protected $withTrashedBindings = FALSE; protected $lockSeconds = NULL; protected $waitSeconds = NULL; public $computedMiddleware = []; public $compiled = class Symfony\Component\Routing\CompiledRoute { private string $staticPrefix = '/api/players'; private string $regex = '{^/api/players$}sDu'; private array $tokens = [...]; private array $pathVariables = [...]; private ?string $hostRegex = NULL; private array $hostTokens = [...]; private array $hostVariables = [...]; private array $variables = [...] }; protected $router = class Illuminate\Routing\Router { protected $events = class Illuminate\Events\Dispatcher { ... }; protected $container = class Illuminate\Foundation\Application { ... }; protected $routes = class Illuminate\Routing\RouteCollection { ... }; protected $current = ...; protected $currentRequest = class Illuminate\Http\Request { ... }; protected $middleware = [...]; protected $middlewareGroups = [...]; public $middlewarePriority = [...]; protected $binders = [...]; protected $patterns = [...]; protected $groupStack = [...]; protected $implicitBindingCallback = NULL }; protected $container = class Illuminate\Foundation\Application { protected $resolved = [...]; protected $bindings = [...]; protected $methodBindings = [...]; protected $instances = [...]; protected $scopedInstances = [...]; protected $aliases = [...]; protected $abstractAliases = [...]; protected $extenders = [...]; protected $tags = [...]; protected $buildStack = [...]; protected $with = [...]; public $contextual = [...]; public $contextualAttributes = [...]; protected $reboundCallbacks = [...]; protected $globalBeforeResolvingCallbacks = [...]; protected $globalResolvingCallbacks = [...]; protected $globalAfterResolvingCallbacks = [...]; protected $beforeResolvingCallbacks = [...]; protected $resolvingCallbacks = [...]; protected $afterResolvingCallbacks = [...]; protected $afterResolvingAttributeCallbacks = [...]; protected $basePath = 'C:\\copaApp\\backend'; protected $registeredCallbacks = [...]; protected $hasBeenBootstrapped = TRUE; protected $booted = TRUE; protected $bootingCallbacks = [...]; protected $bootedCallbacks = [...]; protected $terminatingCallbacks = [...]; protected $serviceProviders = [...]; protected $loadedProviders = [...]; protected $deferredServices = [...]; protected $bootstrapPath = 'C:\\copaApp\\backend\\bootstrap'; protected $appPath = NULL; protected $configPath = NULL; protected $databasePath = NULL; protected $langPath = 'C:\\copaApp\\backend\\lang'; protected $publicPath = NULL; protected $storagePath = NULL; protected $environmentPath = NULL; protected $environmentFile = '.env'; protected $isRunningInConsole = TRUE; protected $namespace = NULL; protected $mergeFrameworkConfiguration = TRUE; protected $absoluteCachePathPrefixes = [...] }; protected $bindingFields = [] }) C:\copaApp\backend\vendor\laravel\framework\src\Illuminate\Routing\Router.php:750
    1.4093   38830304  38. Illuminate\Routing\Router->runRouteWithinStack($route = class Illuminate\Routing\Route { public $uri = 'api/players'; public $methods = [0 => 'GET', 1 => 'HEAD']; public $action = ['middleware' => [...], 'uses' => 'App\\Http\\Controllers\\PlayerController@index', 'controller' => 'App\\Http\\Controllers\\PlayerController@index', 'namespace' => NULL, 'prefix' => 'api', 'where' => [...]]; public $isFallback = FALSE; public $controller = NULL; public $defaults = []; public $wheres = []; public $parameters = []; public $parameterNames = []; protected $originalParameters = []; protected $withTrashedBindings = FALSE; protected $lockSeconds = NULL; protected $waitSeconds = NULL; public $computedMiddleware = []; public $compiled = class Symfony\Component\Routing\CompiledRoute { private string $staticPrefix = '/api/players'; private string $regex = '{^/api/players$}sDu'; private array $tokens = [...]; private array $pathVariables = [...]; private ?string $hostRegex = NULL; private array $hostTokens = [...]; private array $hostVariables = [...]; private array $variables = [...] }; protected $router = class Illuminate\Routing\Router { protected $events = class Illuminate\Events\Dispatcher { ... }; protected $container = class Illuminate\Foundation\Application { ... }; protected $routes = class Illuminate\Routing\RouteCollection { ... }; protected $current = ...; protected $currentRequest = class Illuminate\Http\Request { ... }; protected $middleware = [...]; protected $middlewareGroups = [...]; public $middlewarePriority = [...]; protected $binders = [...]; protected $patterns = [...]; protected $groupStack = [...]; protected $implicitBindingCallback = NULL }; protected $container = class Illuminate\Foundation\Application { protected $resolved = [...]; protected $bindings = [...]; protected $methodBindings = [...]; protected $instances = [...]; protected $scopedInstances = [...]; protected $aliases = [...]; protected $abstractAliases = [...]; protected $extenders = [...]; protected $tags = [...]; protected $buildStack = [...]; protected $with = [...]; public $contextual = [...]; public $contextualAttributes = [...]; protected $reboundCallbacks = [...]; protected $globalBeforeResolvingCallbacks = [...]; protected $globalResolvingCallbacks = [...]; protected $globalAfterResolvingCallbacks = [...]; protected $beforeResolvingCallbacks = [...]; protected $resolvingCallbacks = [...]; protected $afterResolvingCallbacks = [...]; protected $afterResolvingAttributeCallbacks = [...]; protected $basePath = 'C:\\copaApp\\backend'; protected $registeredCallbacks = [...]; protected $hasBeenBootstrapped = TRUE; protected $booted = TRUE; protected $bootingCallbacks = [...]; protected $bootedCallbacks = [...]; protected $terminatingCallbacks = [...]; protected $serviceProviders = [...]; protected $loadedProviders = [...]; protected $deferredServices = [...]; protected $bootstrapPath = 'C:\\copaApp\\backend\\bootstrap'; protected $appPath = NULL; protected $configPath = NULL; protected $databasePath = NULL; protected $langPath = 'C:\\copaApp\\backend\\lang'; protected $publicPath = NULL; protected $storagePath = NULL; protected $environmentPath = NULL; protected $environmentFile = '.env'; protected $isRunningInConsole = TRUE; protected $namespace = NULL; protected $mergeFrameworkConfiguration = TRUE; protected $absoluteCachePathPrefixes = [...] }; protected $bindingFields = [] }, $request = class Illuminate\Http\Request { public Symfony\Component\HttpFoundation\ParameterBag $attributes = class Symfony\Component\HttpFoundation\ParameterBag { protected array $parameters = [...] }; public Symfony\Component\HttpFoundation\InputBag $request = class Symfony\Component\HttpFoundation\InputBag { protected array $parameters = [...] }; public Symfony\Component\HttpFoundation\InputBag $query = class Symfony\Component\HttpFoundation\InputBag { protected array $parameters = [...] }; public Symfony\Component\HttpFoundation\ServerBag $server = class Symfony\Component\HttpFoundation\ServerBag { protected array $parameters = [...] }; public Symfony\Component\HttpFoundation\FileBag $files = class Symfony\Component\HttpFoundation\FileBag { protected array $parameters = [...] }; public Symfony\Component\HttpFoundation\InputBag $cookies = class Symfony\Component\HttpFoundation\InputBag { protected array $parameters = [...] }; public Symfony\Component\HttpFoundation\HeaderBag $headers = class Symfony\Component\HttpFoundation\HeaderBag { protected array $headers = [...]; protected array $cacheControl = [...] }; protected $content = '[]'; protected ?array $languages = NULL; protected ?array $charsets = NULL; protected ?array $encodings = NULL; protected ?array $acceptableContentTypes = NULL; protected ?string $pathInfo = '/api/players'; protected ?string $requestUri = '/api/players'; protected ?string $baseUrl = ''; protected ?string $basePath = NULL; protected ?string $method = 'GET'; protected ?string $format = NULL; protected Symfony\Component\HttpFoundation\Session\SessionInterface|Closure|null $session = NULL; protected ?string $locale = NULL; protected string $defaultLocale = 'en'; private ?string ${Symfony\Component\HttpFoundation\Request}preferredFormat = NULL; private bool ${Symfony\Component\HttpFoundation\Request}isHostValid = TRUE; private bool ${Symfony\Component\HttpFoundation\Request}isForwardedValid = TRUE; private bool ${Symfony\Component\HttpFoundation\Request}isSafeContentPreferred = *uninitialized*; private array ${Symfony\Component\HttpFoundation\Request}trustedValuesCache = []; private bool ${Symfony\Component\HttpFoundation\Request}isIisRewrite = FALSE; protected $json = class Symfony\Component\HttpFoundation\InputBag { protected array $parameters = [...] }; protected $convertedFiles = NULL; protected $userResolver = class Closure { public $static = [...]; public $this = class Illuminate\Auth\AuthServiceProvider { ... }; public $parameter = [...] }; protected $routeResolver = class Closure { public $static = [...]; public $this = class Illuminate\Routing\Router { ... } } }) C:\copaApp\backend\vendor\laravel\framework\src\Illuminate\Routing\Router.php:786
    1.4093   38830304  39. Illuminate\Routing\Router->gatherRouteMiddleware($route = class Illuminate\Routing\Route { public $uri = 'api/players'; public $methods = [0 => 'GET', 1 => 'HEAD']; public $action = ['middleware' => [...], 'uses' => 'App\\Http\\Controllers\\PlayerController@index', 'controller' => 'App\\Http\\Controllers\\PlayerController@index', 'namespace' => NULL, 'prefix' => 'api', 'where' => [...]]; public $isFallback = FALSE; public $controller = NULL; public $defaults = []; public $wheres = []; public $parameters = []; public $parameterNames = []; protected $originalParameters = []; protected $withTrashedBindings = FALSE; protected $lockSeconds = NULL; protected $waitSeconds = NULL; public $computedMiddleware = []; public $compiled = class Symfony\Component\Routing\CompiledRoute { private string $staticPrefix = '/api/players'; private string $regex = '{^/api/players$}sDu'; private array $tokens = [...]; private array $pathVariables = [...]; private ?string $hostRegex = NULL; private array $hostTokens = [...]; private array $hostVariables = [...]; private array $variables = [...] }; protected $router = class Illuminate\Routing\Router { protected $events = class Illuminate\Events\Dispatcher { ... }; protected $container = class Illuminate\Foundation\Application { ... }; protected $routes = class Illuminate\Routing\RouteCollection { ... }; protected $current = ...; protected $currentRequest = class Illuminate\Http\Request { ... }; protected $middleware = [...]; protected $middlewareGroups = [...]; public $middlewarePriority = [...]; protected $binders = [...]; protected $patterns = [...]; protected $groupStack = [...]; protected $implicitBindingCallback = NULL }; protected $container = class Illuminate\Foundation\Application { protected $resolved = [...]; protected $bindings = [...]; protected $methodBindings = [...]; protected $instances = [...]; protected $scopedInstances = [...]; protected $aliases = [...]; protected $abstractAliases = [...]; protected $extenders = [...]; protected $tags = [...]; protected $buildStack = [...]; protected $with = [...]; public $contextual = [...]; public $contextualAttributes = [...]; protected $reboundCallbacks = [...]; protected $globalBeforeResolvingCallbacks = [...]; protected $globalResolvingCallbacks = [...]; protected $globalAfterResolvingCallbacks = [...]; protected $beforeResolvingCallbacks = [...]; protected $resolvingCallbacks = [...]; protected $afterResolvingCallbacks = [...]; protected $afterResolvingAttributeCallbacks = [...]; protected $basePath = 'C:\\copaApp\\backend'; protected $registeredCallbacks = [...]; protected $hasBeenBootstrapped = TRUE; protected $booted = TRUE; protected $bootingCallbacks = [...]; protected $bootedCallbacks = [...]; protected $terminatingCallbacks = [...]; protected $serviceProviders = [...]; protected $loadedProviders = [...]; protected $deferredServices = [...]; protected $bootstrapPath = 'C:\\copaApp\\backend\\bootstrap'; protected $appPath = NULL; protected $configPath = NULL; protected $databasePath = NULL; protected $langPath = 'C:\\copaApp\\backend\\lang'; protected $publicPath = NULL; protected $storagePath = NULL; protected $environmentPath = NULL; protected $environmentFile = '.env'; protected $isRunningInConsole = TRUE; protected $namespace = NULL; protected $mergeFrameworkConfiguration = TRUE; protected $absoluteCachePathPrefixes = [...] }; protected $bindingFields = [] }) C:\copaApp\backend\vendor\laravel\framework\src\Illuminate\Routing\Router.php:802
    1.4093   38830304  40. Illuminate\Routing\Route->gatherMiddleware() C:\copaApp\backend\vendor\laravel\framework\src\Illuminate\Routing\Router.php:820
    1.4093   38830304  41. Illuminate\Routing\Route->controllerMiddleware() C:\copaApp\backend\vendor\laravel\framework\src\Illuminate\Routing\Route.php:1054
    1.4094   38830400  42. is_a($object_or_class = 'App\\Http\\Controllers\\PlayerController', $class = 'Illuminate\\Routing\\Controllers\\HasMiddleware', $allow_string = TRUE) C:\copaApp\backend\vendor\laravel\framework\src\Illuminate\Routing\Route.php:1117
    1.4094   38830576  43. Composer\Autoload\ClassLoader->loadClass($class = 'App\\Http\\Controllers\\PlayerController') C:\copaApp\backend\vendor\laravel\framework\src\Illuminate\Routing\Route.php:1117
    1.4096   38830688  44. Composer\Autoload\{closure:C:\copaApp\backend\vendor\composer\ClassLoader.php:575-577}($file = 'C:\\copaApp\\backend\\vendor\\composer/../../app\\Http\\Controllers\\PlayerController.php') C:\copaApp\backend\vendor\composer\ClassLoader.php:427
    1.4098   38841968  45. include('C:\copaApp\backend\app\Http\Controllers\PlayerController.php') C:\copaApp\backend\vendor\composer\ClassLoader.php:576

